[2025-12-24T20:12:09.283+0000] {logging_mixin.py:188} INFO - Changing /opt/***/logs/dag_id=hello_***_xcom/run_id=manual__2025-12-24T20:12:00.652072+00:00/task_id=process_file permission to 509
[2025-12-24T20:12:09.284+0000] {logging_mixin.py:188} INFO - Failed to change /opt/***/logs/dag_id=hello_***_xcom/run_id=manual__2025-12-24T20:12:00.652072+00:00/task_id=process_file permission to 509: [Errno 1] Operation not permitted: '/opt/***/logs/dag_id=hello_***_xcom/run_id=manual__2025-12-24T20:12:00.652072+00:00/task_id=process_file'
[2025-12-24T20:12:09.382+0000] {logging_mixin.py:188} INFO - Changing /opt/***/logs/dag_id=hello_***_xcom/run_id=manual__2025-12-24T20:12:00.652072+00:00/task_id=process_file permission to 509
[2025-12-24T20:12:09.382+0000] {logging_mixin.py:188} INFO - Failed to change /opt/***/logs/dag_id=hello_***_xcom/run_id=manual__2025-12-24T20:12:00.652072+00:00/task_id=process_file permission to 509: [Errno 1] Operation not permitted: '/opt/***/logs/dag_id=hello_***_xcom/run_id=manual__2025-12-24T20:12:00.652072+00:00/task_id=process_file'
[2025-12-24T20:12:09.415+0000] {taskinstance.py:1956} INFO - Dependencies all met for dep_context=non-requeueable deps ti=<TaskInstance: hello_airflow_xcom.process_file manual__2025-12-24T20:12:00.652072+00:00 [queued]>
[2025-12-24T20:12:09.425+0000] {taskinstance.py:1956} INFO - Dependencies all met for dep_context=requeueable deps ti=<TaskInstance: hello_airflow_xcom.process_file manual__2025-12-24T20:12:00.652072+00:00 [queued]>
[2025-12-24T20:12:09.426+0000] {taskinstance.py:2170} INFO - Starting attempt 1 of 1
[2025-12-24T20:12:09.457+0000] {taskinstance.py:2191} INFO - Executing <Task(PythonOperator): process_file> on 2025-12-24 20:12:00.652072+00:00
[2025-12-24T20:12:09.463+0000] {standard_task_runner.py:60} INFO - Started process 4284 to run task
[2025-12-24T20:12:09.467+0000] {standard_task_runner.py:87} INFO - Running: ['***', 'tasks', 'run', 'hello_***_xcom', 'process_file', 'manual__2025-12-24T20:12:00.652072+00:00', '--job-id', '22', '--raw', '--subdir', 'DAGS_FOLDER/hello_***.py', '--cfg-path', '/tmp/tmpx4gsihn2']
[2025-12-24T20:12:09.469+0000] {standard_task_runner.py:88} INFO - Job 22: Subtask process_file
[2025-12-24T20:12:09.536+0000] {logging_mixin.py:188} INFO - Changing /opt/***/logs/dag_id=hello_***_xcom/run_id=manual__2025-12-24T20:12:00.652072+00:00/task_id=process_file permission to 509
[2025-12-24T20:12:09.536+0000] {logging_mixin.py:188} INFO - Failed to change /opt/***/logs/dag_id=hello_***_xcom/run_id=manual__2025-12-24T20:12:00.652072+00:00/task_id=process_file permission to 509: [Errno 1] Operation not permitted: '/opt/***/logs/dag_id=hello_***_xcom/run_id=manual__2025-12-24T20:12:00.652072+00:00/task_id=process_file'
[2025-12-24T20:12:09.572+0000] {task_command.py:423} INFO - Running <TaskInstance: hello_airflow_xcom.process_file manual__2025-12-24T20:12:00.652072+00:00 [running]> on host 0c92c20f937f
[2025-12-24T20:12:09.713+0000] {taskinstance.py:2480} INFO - Exporting env vars: AIRFLOW_CTX_DAG_OWNER='***' AIRFLOW_CTX_DAG_ID='hello_***_xcom' AIRFLOW_CTX_TASK_ID='process_file' AIRFLOW_CTX_EXECUTION_DATE='2025-12-24T20:12:00.652072+00:00' AIRFLOW_CTX_TRY_NUMBER='1' AIRFLOW_CTX_DAG_RUN_ID='manual__2025-12-24T20:12:00.652072+00:00'
[2025-12-24T20:12:09.728+0000] {base.py:83} INFO - Using connection ID 'aws_default' for task execution.
[2025-12-24T20:12:09.731+0000] {connection_wrapper.py:378} INFO - AWS Connection (conn_id='aws_default', conn_type='aws') credentials retrieved from login and password.
[2025-12-24T20:12:10.618+0000] {s3.py:1375} INFO - This function shadows the 'download_file' method of S3 API, but it is not the same. If you want to use the original method from S3 API, please call 'S3Hook.get_conn().download_file()'
[2025-12-24T20:12:10.619+0000] {s3.py:1381} INFO - Downloading source S3 file from Bucket ***-bucket798 with path customers-100.csv
[2025-12-24T20:12:11.695+0000] {logging_mixin.py:188} INFO - Traitement terminé sur : /tmp/processed_data.csv
[2025-12-24T20:12:12.046+0000] {logging_mixin.py:188} INFO - XCom envoyé : file_path = /tmp/processed_data.csv
[2025-12-24T20:12:12.050+0000] {python.py:201} INFO - Done. Returned value was: None
[2025-12-24T20:12:12.074+0000] {taskinstance.py:1138} INFO - Marking task as SUCCESS. dag_id=hello_***_xcom, task_id=process_file, execution_date=20251224T201200, start_date=20251224T201209, end_date=20251224T201212
[2025-12-24T20:12:12.137+0000] {local_task_job_runner.py:234} INFO - Task exited with return code 0
[2025-12-24T20:12:12.167+0000] {taskinstance.py:3280} INFO - 1 downstream tasks scheduled from follow-on schedule check
