[2025-12-24T15:47:22.490+0000] {logging_mixin.py:188} INFO - Changing /opt/***/logs/dag_id=hello_***/run_id=manual__2025-12-24T15:47:17.001737+00:00/task_id=hello_task permission to 509
[2025-12-24T15:47:22.491+0000] {logging_mixin.py:188} INFO - Failed to change /opt/***/logs/dag_id=hello_***/run_id=manual__2025-12-24T15:47:17.001737+00:00/task_id=hello_task permission to 509: [Errno 1] Operation not permitted: '/opt/***/logs/dag_id=hello_***/run_id=manual__2025-12-24T15:47:17.001737+00:00/task_id=hello_task'
[2025-12-24T15:47:22.560+0000] {logging_mixin.py:188} INFO - Changing /opt/***/logs/dag_id=hello_***/run_id=manual__2025-12-24T15:47:17.001737+00:00/task_id=hello_task permission to 509
[2025-12-24T15:47:22.562+0000] {logging_mixin.py:188} INFO - Failed to change /opt/***/logs/dag_id=hello_***/run_id=manual__2025-12-24T15:47:17.001737+00:00/task_id=hello_task permission to 509: [Errno 1] Operation not permitted: '/opt/***/logs/dag_id=hello_***/run_id=manual__2025-12-24T15:47:17.001737+00:00/task_id=hello_task'
[2025-12-24T15:47:22.609+0000] {taskinstance.py:1956} INFO - Dependencies all met for dep_context=non-requeueable deps ti=<TaskInstance: hello_airflow.hello_task manual__2025-12-24T15:47:17.001737+00:00 [queued]>
[2025-12-24T15:47:22.618+0000] {taskinstance.py:1956} INFO - Dependencies all met for dep_context=requeueable deps ti=<TaskInstance: hello_airflow.hello_task manual__2025-12-24T15:47:17.001737+00:00 [queued]>
[2025-12-24T15:47:22.619+0000] {taskinstance.py:2170} INFO - Starting attempt 1 of 1
[2025-12-24T15:47:22.638+0000] {taskinstance.py:2191} INFO - Executing <Task(PythonOperator): hello_task> on 2025-12-24 15:47:17.001737+00:00
[2025-12-24T15:47:22.647+0000] {standard_task_runner.py:60} INFO - Started process 276 to run task
[2025-12-24T15:47:22.657+0000] {standard_task_runner.py:87} INFO - Running: ['***', 'tasks', 'run', 'hello_***', 'hello_task', 'manual__2025-12-24T15:47:17.001737+00:00', '--job-id', '3', '--raw', '--subdir', 'DAGS_FOLDER/hello_***.py', '--cfg-path', '/tmp/tmpgzku3l2u']
[2025-12-24T15:47:22.660+0000] {standard_task_runner.py:88} INFO - Job 3: Subtask hello_task
[2025-12-24T15:47:22.718+0000] {logging_mixin.py:188} INFO - Changing /opt/***/logs/dag_id=hello_***/run_id=manual__2025-12-24T15:47:17.001737+00:00/task_id=hello_task permission to 509
[2025-12-24T15:47:22.719+0000] {logging_mixin.py:188} INFO - Failed to change /opt/***/logs/dag_id=hello_***/run_id=manual__2025-12-24T15:47:17.001737+00:00/task_id=hello_task permission to 509: [Errno 1] Operation not permitted: '/opt/***/logs/dag_id=hello_***/run_id=manual__2025-12-24T15:47:17.001737+00:00/task_id=hello_task'
[2025-12-24T15:47:22.735+0000] {task_command.py:423} INFO - Running <TaskInstance: hello_airflow.hello_task manual__2025-12-24T15:47:17.001737+00:00 [running]> on host 0c92c20f937f
[2025-12-24T15:47:22.919+0000] {taskinstance.py:2480} INFO - Exporting env vars: AIRFLOW_CTX_DAG_OWNER='***' AIRFLOW_CTX_DAG_ID='hello_***' AIRFLOW_CTX_TASK_ID='hello_task' AIRFLOW_CTX_EXECUTION_DATE='2025-12-24T15:47:17.001737+00:00' AIRFLOW_CTX_TRY_NUMBER='1' AIRFLOW_CTX_DAG_RUN_ID='manual__2025-12-24T15:47:17.001737+00:00'
[2025-12-24T15:47:22.935+0000] {logging_mixin.py:188} INFO - Hello Airflow from VS Code 🚀
[2025-12-24T15:47:22.936+0000] {python.py:201} INFO - Done. Returned value was: None
[2025-12-24T15:47:22.947+0000] {taskinstance.py:1138} INFO - Marking task as SUCCESS. dag_id=hello_***, task_id=hello_task, execution_date=20251224T154717, start_date=20251224T154722, end_date=20251224T154722
[2025-12-24T15:47:22.990+0000] {local_task_job_runner.py:234} INFO - Task exited with return code 0
[2025-12-24T15:47:23.011+0000] {taskinstance.py:3280} INFO - 0 downstream tasks scheduled from follow-on schedule check
