[2025-12-24T20:12:11.784+0000] {logging_mixin.py:188} INFO - Changing /opt/***/logs/dag_id=hello_***_xcom/run_id=scheduled__2025-12-23T00:00:00+00:00/task_id=receive_file permission to 509
[2025-12-24T20:12:11.785+0000] {logging_mixin.py:188} INFO - Failed to change /opt/***/logs/dag_id=hello_***_xcom/run_id=scheduled__2025-12-23T00:00:00+00:00/task_id=receive_file permission to 509: [Errno 1] Operation not permitted: '/opt/***/logs/dag_id=hello_***_xcom/run_id=scheduled__2025-12-23T00:00:00+00:00/task_id=receive_file'
[2025-12-24T20:12:11.894+0000] {logging_mixin.py:188} INFO - Changing /opt/***/logs/dag_id=hello_***_xcom/run_id=scheduled__2025-12-23T00:00:00+00:00/task_id=receive_file permission to 509
[2025-12-24T20:12:11.897+0000] {logging_mixin.py:188} INFO - Failed to change /opt/***/logs/dag_id=hello_***_xcom/run_id=scheduled__2025-12-23T00:00:00+00:00/task_id=receive_file permission to 509: [Errno 1] Operation not permitted: '/opt/***/logs/dag_id=hello_***_xcom/run_id=scheduled__2025-12-23T00:00:00+00:00/task_id=receive_file'
[2025-12-24T20:12:11.983+0000] {taskinstance.py:1956} INFO - Dependencies all met for dep_context=non-requeueable deps ti=<TaskInstance: hello_airflow_xcom.receive_file scheduled__2025-12-23T00:00:00+00:00 [queued]>
[2025-12-24T20:12:12.004+0000] {taskinstance.py:1956} INFO - Dependencies all met for dep_context=requeueable deps ti=<TaskInstance: hello_airflow_xcom.receive_file scheduled__2025-12-23T00:00:00+00:00 [queued]>
[2025-12-24T20:12:12.004+0000] {taskinstance.py:2170} INFO - Starting attempt 1 of 1
[2025-12-24T20:12:12.038+0000] {taskinstance.py:2191} INFO - Executing <Task(PythonOperator): receive_file> on 2025-12-23 00:00:00+00:00
[2025-12-24T20:12:12.056+0000] {standard_task_runner.py:60} INFO - Started process 4291 to run task
[2025-12-24T20:12:12.096+0000] {standard_task_runner.py:87} INFO - Running: ['***', 'tasks', 'run', 'hello_***_xcom', 'receive_file', 'scheduled__2025-12-23T00:00:00+00:00', '--job-id', '23', '--raw', '--subdir', 'DAGS_FOLDER/hello_***.py', '--cfg-path', '/tmp/tmprlf3g1la']
[2025-12-24T20:12:12.098+0000] {standard_task_runner.py:88} INFO - Job 23: Subtask receive_file
[2025-12-24T20:12:12.186+0000] {logging_mixin.py:188} INFO - Changing /opt/***/logs/dag_id=hello_***_xcom/run_id=scheduled__2025-12-23T00:00:00+00:00/task_id=receive_file permission to 509
[2025-12-24T20:12:12.186+0000] {logging_mixin.py:188} INFO - Failed to change /opt/***/logs/dag_id=hello_***_xcom/run_id=scheduled__2025-12-23T00:00:00+00:00/task_id=receive_file permission to 509: [Errno 1] Operation not permitted: '/opt/***/logs/dag_id=hello_***_xcom/run_id=scheduled__2025-12-23T00:00:00+00:00/task_id=receive_file'
[2025-12-24T20:12:12.208+0000] {task_command.py:423} INFO - Running <TaskInstance: hello_airflow_xcom.receive_file scheduled__2025-12-23T00:00:00+00:00 [running]> on host 0c92c20f937f
[2025-12-24T20:12:12.383+0000] {taskinstance.py:2480} INFO - Exporting env vars: AIRFLOW_CTX_DAG_OWNER='***' AIRFLOW_CTX_DAG_ID='hello_***_xcom' AIRFLOW_CTX_TASK_ID='receive_file' AIRFLOW_CTX_EXECUTION_DATE='2025-12-23T00:00:00+00:00' AIRFLOW_CTX_TRY_NUMBER='1' AIRFLOW_CTX_DAG_RUN_ID='scheduled__2025-12-23T00:00:00+00:00'
[2025-12-24T20:12:12.400+0000] {logging_mixin.py:188} INFO - ✅ Message bien reçu ! Le fichier traité est ici : /tmp/processed_data.csv
[2025-12-24T20:12:12.401+0000] {python.py:201} INFO - Done. Returned value was: None
[2025-12-24T20:12:12.413+0000] {taskinstance.py:1138} INFO - Marking task as SUCCESS. dag_id=hello_***_xcom, task_id=receive_file, execution_date=20251223T000000, start_date=20251224T201211, end_date=20251224T201212
[2025-12-24T20:12:12.499+0000] {local_task_job_runner.py:234} INFO - Task exited with return code 0
[2025-12-24T20:12:12.521+0000] {taskinstance.py:3280} INFO - 0 downstream tasks scheduled from follow-on schedule check
