[2025-12-24T22:44:02.559+0000] {logging_mixin.py:188} INFO - Changing /opt/***/logs/dag_id=hello_***_postgres_slack/run_id=manual__2025-12-24T22:43:43.926012+00:00/task_id=slack_task permission to 509
[2025-12-24T22:44:02.561+0000] {logging_mixin.py:188} INFO - Failed to change /opt/***/logs/dag_id=hello_***_postgres_slack/run_id=manual__2025-12-24T22:43:43.926012+00:00/task_id=slack_task permission to 509: [Errno 1] Operation not permitted: '/opt/***/logs/dag_id=hello_***_postgres_slack/run_id=manual__2025-12-24T22:43:43.926012+00:00/task_id=slack_task'
[2025-12-24T22:44:02.607+0000] {logging_mixin.py:188} INFO - Changing /opt/***/logs/dag_id=hello_***_postgres_slack/run_id=manual__2025-12-24T22:43:43.926012+00:00/task_id=slack_task permission to 509
[2025-12-24T22:44:02.608+0000] {logging_mixin.py:188} INFO - Failed to change /opt/***/logs/dag_id=hello_***_postgres_slack/run_id=manual__2025-12-24T22:43:43.926012+00:00/task_id=slack_task permission to 509: [Errno 1] Operation not permitted: '/opt/***/logs/dag_id=hello_***_postgres_slack/run_id=manual__2025-12-24T22:43:43.926012+00:00/task_id=slack_task'
[2025-12-24T22:44:02.640+0000] {taskinstance.py:1956} INFO - Dependencies all met for dep_context=non-requeueable deps ti=<TaskInstance: hello_airflow_postgres_slack.slack_task manual__2025-12-24T22:43:43.926012+00:00 [queued]>
[2025-12-24T22:44:02.649+0000] {taskinstance.py:1956} INFO - Dependencies all met for dep_context=requeueable deps ti=<TaskInstance: hello_airflow_postgres_slack.slack_task manual__2025-12-24T22:43:43.926012+00:00 [queued]>
[2025-12-24T22:44:02.650+0000] {taskinstance.py:2170} INFO - Starting attempt 1 of 1
[2025-12-24T22:44:02.664+0000] {taskinstance.py:2191} INFO - Executing <Task(PythonOperator): slack_task> on 2025-12-24 22:43:43.926012+00:00
[2025-12-24T22:44:02.671+0000] {standard_task_runner.py:60} INFO - Started process 6628 to run task
[2025-12-24T22:44:02.675+0000] {standard_task_runner.py:87} INFO - Running: ['***', 'tasks', 'run', 'hello_***_postgres_slack', 'slack_task', 'manual__2025-12-24T22:43:43.926012+00:00', '--job-id', '45', '--raw', '--subdir', 'DAGS_FOLDER/ecom.py', '--cfg-path', '/tmp/tmpcyo9_gqr']
[2025-12-24T22:44:02.676+0000] {standard_task_runner.py:88} INFO - Job 45: Subtask slack_task
[2025-12-24T22:44:02.721+0000] {logging_mixin.py:188} INFO - Changing /opt/***/logs/dag_id=hello_***_postgres_slack/run_id=manual__2025-12-24T22:43:43.926012+00:00/task_id=slack_task permission to 509
[2025-12-24T22:44:02.722+0000] {logging_mixin.py:188} INFO - Failed to change /opt/***/logs/dag_id=hello_***_postgres_slack/run_id=manual__2025-12-24T22:43:43.926012+00:00/task_id=slack_task permission to 509: [Errno 1] Operation not permitted: '/opt/***/logs/dag_id=hello_***_postgres_slack/run_id=manual__2025-12-24T22:43:43.926012+00:00/task_id=slack_task'
[2025-12-24T22:44:02.733+0000] {task_command.py:423} INFO - Running <TaskInstance: hello_airflow_postgres_slack.slack_task manual__2025-12-24T22:43:43.926012+00:00 [running]> on host 0c92c20f937f
[2025-12-24T22:44:02.808+0000] {taskinstance.py:2480} INFO - Exporting env vars: AIRFLOW_CTX_DAG_OWNER='***' AIRFLOW_CTX_DAG_ID='hello_***_postgres_slack' AIRFLOW_CTX_TASK_ID='slack_task' AIRFLOW_CTX_EXECUTION_DATE='2025-12-24T22:43:43.926012+00:00' AIRFLOW_CTX_TRY_NUMBER='1' AIRFLOW_CTX_DAG_RUN_ID='manual__2025-12-24T22:43:43.926012+00:00'
[2025-12-24T22:44:02.828+0000] {base.py:83} INFO - Using connection ID 'slack_conn' for task execution.
[2025-12-24T22:44:03.078+0000] {logging_mixin.py:188} INFO - Message Slack envoyé.
[2025-12-24T22:44:03.078+0000] {python.py:201} INFO - Done. Returned value was: None
[2025-12-24T22:44:03.090+0000] {taskinstance.py:1138} INFO - Marking task as SUCCESS. dag_id=hello_***_postgres_slack, task_id=slack_task, execution_date=20251224T224343, start_date=20251224T224402, end_date=20251224T224403
[2025-12-24T22:44:03.128+0000] {local_task_job_runner.py:234} INFO - Task exited with return code 0
[2025-12-24T22:44:03.148+0000] {taskinstance.py:3280} INFO - 0 downstream tasks scheduled from follow-on schedule check
