[2025-12-24T20:12:29.638+0000] {logging_mixin.py:188} INFO - Changing /opt/***/logs/dag_id=hello_***_xcom/run_id=manual__2025-12-24T20:12:26.491272+00:00/task_id=wait_for_file permission to 509
[2025-12-24T20:12:29.639+0000] {logging_mixin.py:188} INFO - Failed to change /opt/***/logs/dag_id=hello_***_xcom/run_id=manual__2025-12-24T20:12:26.491272+00:00/task_id=wait_for_file permission to 509: [Errno 1] Operation not permitted: '/opt/***/logs/dag_id=hello_***_xcom/run_id=manual__2025-12-24T20:12:26.491272+00:00/task_id=wait_for_file'
[2025-12-24T20:12:29.691+0000] {logging_mixin.py:188} INFO - Changing /opt/***/logs/dag_id=hello_***_xcom/run_id=manual__2025-12-24T20:12:26.491272+00:00/task_id=wait_for_file permission to 509
[2025-12-24T20:12:29.692+0000] {logging_mixin.py:188} INFO - Failed to change /opt/***/logs/dag_id=hello_***_xcom/run_id=manual__2025-12-24T20:12:26.491272+00:00/task_id=wait_for_file permission to 509: [Errno 1] Operation not permitted: '/opt/***/logs/dag_id=hello_***_xcom/run_id=manual__2025-12-24T20:12:26.491272+00:00/task_id=wait_for_file'
[2025-12-24T20:12:29.729+0000] {taskinstance.py:1956} INFO - Dependencies all met for dep_context=non-requeueable deps ti=<TaskInstance: hello_airflow_xcom.wait_for_file manual__2025-12-24T20:12:26.491272+00:00 [queued]>
[2025-12-24T20:12:29.740+0000] {taskinstance.py:1956} INFO - Dependencies all met for dep_context=requeueable deps ti=<TaskInstance: hello_airflow_xcom.wait_for_file manual__2025-12-24T20:12:26.491272+00:00 [queued]>
[2025-12-24T20:12:29.741+0000] {taskinstance.py:2170} INFO - Starting attempt 1 of 1
[2025-12-24T20:12:29.759+0000] {taskinstance.py:2191} INFO - Executing <Task(S3KeySensor): wait_for_file> on 2025-12-24 20:12:26.491272+00:00
[2025-12-24T20:12:29.768+0000] {standard_task_runner.py:60} INFO - Started process 4304 to run task
[2025-12-24T20:12:29.772+0000] {standard_task_runner.py:87} INFO - Running: ['***', 'tasks', 'run', 'hello_***_xcom', 'wait_for_file', 'manual__2025-12-24T20:12:26.491272+00:00', '--job-id', '25', '--raw', '--subdir', 'DAGS_FOLDER/hello_***.py', '--cfg-path', '/tmp/tmp4kbo7yi4']
[2025-12-24T20:12:29.775+0000] {standard_task_runner.py:88} INFO - Job 25: Subtask wait_for_file
[2025-12-24T20:12:29.835+0000] {logging_mixin.py:188} INFO - Changing /opt/***/logs/dag_id=hello_***_xcom/run_id=manual__2025-12-24T20:12:26.491272+00:00/task_id=wait_for_file permission to 509
[2025-12-24T20:12:29.836+0000] {logging_mixin.py:188} INFO - Failed to change /opt/***/logs/dag_id=hello_***_xcom/run_id=manual__2025-12-24T20:12:26.491272+00:00/task_id=wait_for_file permission to 509: [Errno 1] Operation not permitted: '/opt/***/logs/dag_id=hello_***_xcom/run_id=manual__2025-12-24T20:12:26.491272+00:00/task_id=wait_for_file'
[2025-12-24T20:12:29.859+0000] {task_command.py:423} INFO - Running <TaskInstance: hello_airflow_xcom.wait_for_file manual__2025-12-24T20:12:26.491272+00:00 [running]> on host 0c92c20f937f
[2025-12-24T20:12:29.959+0000] {taskinstance.py:2480} INFO - Exporting env vars: AIRFLOW_CTX_DAG_OWNER='***' AIRFLOW_CTX_DAG_ID='hello_***_xcom' AIRFLOW_CTX_TASK_ID='wait_for_file' AIRFLOW_CTX_EXECUTION_DATE='2025-12-24T20:12:26.491272+00:00' AIRFLOW_CTX_TRY_NUMBER='1' AIRFLOW_CTX_DAG_RUN_ID='manual__2025-12-24T20:12:26.491272+00:00'
[2025-12-24T20:12:29.961+0000] {s3.py:106} INFO - Poking for key : s3://***-bucket798/*.csv
[2025-12-24T20:12:29.971+0000] {base.py:83} INFO - Using connection ID 'aws_default' for task execution.
[2025-12-24T20:12:29.972+0000] {connection_wrapper.py:378} INFO - AWS Connection (conn_id='aws_default', conn_type='aws') credentials retrieved from login and password.
[2025-12-24T20:12:30.902+0000] {base.py:295} INFO - Success criteria met. Exiting.
[2025-12-24T20:12:30.912+0000] {taskinstance.py:1138} INFO - Marking task as SUCCESS. dag_id=hello_***_xcom, task_id=wait_for_file, execution_date=20251224T201226, start_date=20251224T201229, end_date=20251224T201230
[2025-12-24T20:12:30.953+0000] {local_task_job_runner.py:234} INFO - Task exited with return code 0
[2025-12-24T20:12:30.989+0000] {taskinstance.py:3280} INFO - 1 downstream tasks scheduled from follow-on schedule check
