[2025-12-24T16:56:54.560+0000] {logging_mixin.py:188} INFO - Changing /opt/***/logs/dag_id=hello_***_sensor_processing/run_id=manual__2025-12-24T16:56:42.911177+00:00/task_id=process_file permission to 509
[2025-12-24T16:56:54.561+0000] {logging_mixin.py:188} INFO - Failed to change /opt/***/logs/dag_id=hello_***_sensor_processing/run_id=manual__2025-12-24T16:56:42.911177+00:00/task_id=process_file permission to 509: [Errno 1] Operation not permitted: '/opt/***/logs/dag_id=hello_***_sensor_processing/run_id=manual__2025-12-24T16:56:42.911177+00:00/task_id=process_file'
[2025-12-24T16:56:54.644+0000] {logging_mixin.py:188} INFO - Changing /opt/***/logs/dag_id=hello_***_sensor_processing/run_id=manual__2025-12-24T16:56:42.911177+00:00/task_id=process_file permission to 509
[2025-12-24T16:56:54.646+0000] {logging_mixin.py:188} INFO - Failed to change /opt/***/logs/dag_id=hello_***_sensor_processing/run_id=manual__2025-12-24T16:56:42.911177+00:00/task_id=process_file permission to 509: [Errno 1] Operation not permitted: '/opt/***/logs/dag_id=hello_***_sensor_processing/run_id=manual__2025-12-24T16:56:42.911177+00:00/task_id=process_file'
[2025-12-24T16:56:54.711+0000] {taskinstance.py:1956} INFO - Dependencies all met for dep_context=non-requeueable deps ti=<TaskInstance: hello_airflow_sensor_processing.process_file manual__2025-12-24T16:56:42.911177+00:00 [queued]>
[2025-12-24T16:56:54.728+0000] {taskinstance.py:1956} INFO - Dependencies all met for dep_context=requeueable deps ti=<TaskInstance: hello_airflow_sensor_processing.process_file manual__2025-12-24T16:56:42.911177+00:00 [queued]>
[2025-12-24T16:56:54.729+0000] {taskinstance.py:2170} INFO - Starting attempt 1 of 1
[2025-12-24T16:56:54.764+0000] {taskinstance.py:2191} INFO - Executing <Task(PythonOperator): process_file> on 2025-12-24 16:56:42.911177+00:00
[2025-12-24T16:56:54.792+0000] {standard_task_runner.py:60} INFO - Started process 1331 to run task
[2025-12-24T16:56:54.798+0000] {standard_task_runner.py:87} INFO - Running: ['***', 'tasks', 'run', 'hello_***_sensor_processing', 'process_file', 'manual__2025-12-24T16:56:42.911177+00:00', '--job-id', '13', '--raw', '--subdir', 'DAGS_FOLDER/hello_***.py', '--cfg-path', '/tmp/tmpv4i8mkfu']
[2025-12-24T16:56:54.806+0000] {standard_task_runner.py:88} INFO - Job 13: Subtask process_file
[2025-12-24T16:56:54.893+0000] {logging_mixin.py:188} INFO - Changing /opt/***/logs/dag_id=hello_***_sensor_processing/run_id=manual__2025-12-24T16:56:42.911177+00:00/task_id=process_file permission to 509
[2025-12-24T16:56:54.899+0000] {logging_mixin.py:188} INFO - Failed to change /opt/***/logs/dag_id=hello_***_sensor_processing/run_id=manual__2025-12-24T16:56:42.911177+00:00/task_id=process_file permission to 509: [Errno 1] Operation not permitted: '/opt/***/logs/dag_id=hello_***_sensor_processing/run_id=manual__2025-12-24T16:56:42.911177+00:00/task_id=process_file'
[2025-12-24T16:56:54.925+0000] {task_command.py:423} INFO - Running <TaskInstance: hello_airflow_sensor_processing.process_file manual__2025-12-24T16:56:42.911177+00:00 [running]> on host 0c92c20f937f
[2025-12-24T16:56:55.099+0000] {taskinstance.py:2480} INFO - Exporting env vars: AIRFLOW_CTX_DAG_OWNER='***' AIRFLOW_CTX_DAG_ID='hello_***_sensor_processing' AIRFLOW_CTX_TASK_ID='process_file' AIRFLOW_CTX_EXECUTION_DATE='2025-12-24T16:56:42.911177+00:00' AIRFLOW_CTX_TRY_NUMBER='1' AIRFLOW_CTX_DAG_RUN_ID='manual__2025-12-24T16:56:42.911177+00:00'
[2025-12-24T16:56:55.110+0000] {base.py:83} INFO - Using connection ID 'aws_default' for task execution.
[2025-12-24T16:56:55.110+0000] {connection_wrapper.py:378} INFO - AWS Connection (conn_id='aws_default', conn_type='aws') credentials retrieved from login and password.
[2025-12-24T16:56:56.017+0000] {logging_mixin.py:188} INFO - Fichier trouvé : customers-100.csv
[2025-12-24T16:56:56.018+0000] {s3.py:1375} INFO - This function shadows the 'download_file' method of S3 API, but it is not the same. If you want to use the original method from S3 API, please call 'S3Hook.get_conn().download_file()'
[2025-12-24T16:56:56.018+0000] {s3.py:1381} INFO - Downloading source S3 file from Bucket ***-bucket798 with path customers-100.csv
[2025-12-24T16:56:58.636+0000] {logging_mixin.py:188} INFO - Fichier téléchargé localement ici : /tmp/***_tmp_ej1nll7f
[2025-12-24T16:56:58.987+0000] {logging_mixin.py:188} INFO - DataFrame original shape: (100, 12)
[2025-12-24T16:56:59.029+0000] {logging_mixin.py:188} INFO - Traitement terminé. Résultat sauvegardé sur /tmp/processed_data.csv
[2025-12-24T16:56:59.164+0000] {logging_mixin.py:188} INFO -    Index      Customer Id  ... Subscription Date                      Website
0      1  DD37Cf93aecA6Dc  ...        2020-08-24   http://www.stephenson.com/
1      2  1Ef7b82A4CAAD10  ...        2021-04-23        http://www.hobbs.com/
2      3  6F94879bDAfE5a6  ...        2020-03-25     http://www.lawrence.com/
3      4  5Cef8BFA16c5e3c  ...        2020-06-02   http://www.good-lyons.com/
4      5  053d585Ab6b3159  ...        2021-04-17  https://goodwin-ingram.com/

[5 rows x 12 columns]
[2025-12-24T16:56:59.173+0000] {python.py:201} INFO - Done. Returned value was: None
[2025-12-24T16:56:59.250+0000] {taskinstance.py:1138} INFO - Marking task as SUCCESS. dag_id=hello_***_sensor_processing, task_id=process_file, execution_date=20251224T165642, start_date=20251224T165654, end_date=20251224T165659
[2025-12-24T16:56:59.308+0000] {local_task_job_runner.py:234} INFO - Task exited with return code 0
[2025-12-24T16:56:59.349+0000] {taskinstance.py:3280} INFO - 0 downstream tasks scheduled from follow-on schedule check
