[2025-12-24T15:47:22.501+0000] {logging_mixin.py:188} INFO - Changing /opt/***/logs/dag_id=hello_***/run_id=scheduled__2025-12-23T00:00:00+00:00/task_id=hello_task permission to 509
[2025-12-24T15:47:22.503+0000] {logging_mixin.py:188} INFO - Failed to change /opt/***/logs/dag_id=hello_***/run_id=scheduled__2025-12-23T00:00:00+00:00/task_id=hello_task permission to 509: [Errno 1] Operation not permitted: '/opt/***/logs/dag_id=hello_***/run_id=scheduled__2025-12-23T00:00:00+00:00/task_id=hello_task'
[2025-12-24T15:47:22.561+0000] {logging_mixin.py:188} INFO - Changing /opt/***/logs/dag_id=hello_***/run_id=scheduled__2025-12-23T00:00:00+00:00/task_id=hello_task permission to 509
[2025-12-24T15:47:22.564+0000] {logging_mixin.py:188} INFO - Failed to change /opt/***/logs/dag_id=hello_***/run_id=scheduled__2025-12-23T00:00:00+00:00/task_id=hello_task permission to 509: [Errno 1] Operation not permitted: '/opt/***/logs/dag_id=hello_***/run_id=scheduled__2025-12-23T00:00:00+00:00/task_id=hello_task'
[2025-12-24T15:47:22.609+0000] {taskinstance.py:1956} INFO - Dependencies all met for dep_context=non-requeueable deps ti=<TaskInstance: hello_airflow.hello_task scheduled__2025-12-23T00:00:00+00:00 [queued]>
[2025-12-24T15:47:22.617+0000] {taskinstance.py:1956} INFO - Dependencies all met for dep_context=requeueable deps ti=<TaskInstance: hello_airflow.hello_task scheduled__2025-12-23T00:00:00+00:00 [queued]>
[2025-12-24T15:47:22.618+0000] {taskinstance.py:2170} INFO - Starting attempt 1 of 1
[2025-12-24T15:47:22.635+0000] {taskinstance.py:2191} INFO - Executing <Task(PythonOperator): hello_task> on 2025-12-23 00:00:00+00:00
[2025-12-24T15:47:22.644+0000] {standard_task_runner.py:60} INFO - Started process 275 to run task
[2025-12-24T15:47:22.648+0000] {standard_task_runner.py:87} INFO - Running: ['***', 'tasks', 'run', 'hello_***', 'hello_task', 'scheduled__2025-12-23T00:00:00+00:00', '--job-id', '4', '--raw', '--subdir', 'DAGS_FOLDER/hello_***.py', '--cfg-path', '/tmp/tmpmbpus99e']
[2025-12-24T15:47:22.660+0000] {standard_task_runner.py:88} INFO - Job 4: Subtask hello_task
[2025-12-24T15:47:22.723+0000] {logging_mixin.py:188} INFO - Changing /opt/***/logs/dag_id=hello_***/run_id=scheduled__2025-12-23T00:00:00+00:00/task_id=hello_task permission to 509
[2025-12-24T15:47:22.724+0000] {logging_mixin.py:188} INFO - Failed to change /opt/***/logs/dag_id=hello_***/run_id=scheduled__2025-12-23T00:00:00+00:00/task_id=hello_task permission to 509: [Errno 1] Operation not permitted: '/opt/***/logs/dag_id=hello_***/run_id=scheduled__2025-12-23T00:00:00+00:00/task_id=hello_task'
[2025-12-24T15:47:22.735+0000] {task_command.py:423} INFO - Running <TaskInstance: hello_airflow.hello_task scheduled__2025-12-23T00:00:00+00:00 [running]> on host 0c92c20f937f
[2025-12-24T15:47:22.926+0000] {taskinstance.py:2480} INFO - Exporting env vars: AIRFLOW_CTX_DAG_OWNER='***' AIRFLOW_CTX_DAG_ID='hello_***' AIRFLOW_CTX_TASK_ID='hello_task' AIRFLOW_CTX_EXECUTION_DATE='2025-12-23T00:00:00+00:00' AIRFLOW_CTX_TRY_NUMBER='1' AIRFLOW_CTX_DAG_RUN_ID='scheduled__2025-12-23T00:00:00+00:00'
[2025-12-24T15:47:22.932+0000] {logging_mixin.py:188} INFO - Hello Airflow from VS Code 🚀
[2025-12-24T15:47:22.933+0000] {python.py:201} INFO - Done. Returned value was: None
[2025-12-24T15:47:22.943+0000] {taskinstance.py:1138} INFO - Marking task as SUCCESS. dag_id=hello_***, task_id=hello_task, execution_date=20251223T000000, start_date=20251224T154722, end_date=20251224T154722
[2025-12-24T15:47:22.984+0000] {local_task_job_runner.py:234} INFO - Task exited with return code 0
[2025-12-24T15:47:23.008+0000] {taskinstance.py:3280} INFO - 0 downstream tasks scheduled from follow-on schedule check
