[2025-12-24T20:12:05.201+0000] {logging_mixin.py:188} INFO - Changing /opt/***/logs/dag_id=hello_***_xcom/run_id=manual__2025-12-24T20:12:00.652072+00:00/task_id=wait_for_file permission to 509
[2025-12-24T20:12:05.202+0000] {logging_mixin.py:188} INFO - Failed to change /opt/***/logs/dag_id=hello_***_xcom/run_id=manual__2025-12-24T20:12:00.652072+00:00/task_id=wait_for_file permission to 509: [Errno 1] Operation not permitted: '/opt/***/logs/dag_id=hello_***_xcom/run_id=manual__2025-12-24T20:12:00.652072+00:00/task_id=wait_for_file'
[2025-12-24T20:12:05.256+0000] {logging_mixin.py:188} INFO - Changing /opt/***/logs/dag_id=hello_***_xcom/run_id=manual__2025-12-24T20:12:00.652072+00:00/task_id=wait_for_file permission to 509
[2025-12-24T20:12:05.257+0000] {logging_mixin.py:188} INFO - Failed to change /opt/***/logs/dag_id=hello_***_xcom/run_id=manual__2025-12-24T20:12:00.652072+00:00/task_id=wait_for_file permission to 509: [Errno 1] Operation not permitted: '/opt/***/logs/dag_id=hello_***_xcom/run_id=manual__2025-12-24T20:12:00.652072+00:00/task_id=wait_for_file'
[2025-12-24T20:12:05.301+0000] {taskinstance.py:1956} INFO - Dependencies all met for dep_context=non-requeueable deps ti=<TaskInstance: hello_airflow_xcom.wait_for_file manual__2025-12-24T20:12:00.652072+00:00 [queued]>
[2025-12-24T20:12:05.314+0000] {taskinstance.py:1956} INFO - Dependencies all met for dep_context=requeueable deps ti=<TaskInstance: hello_airflow_xcom.wait_for_file manual__2025-12-24T20:12:00.652072+00:00 [queued]>
[2025-12-24T20:12:05.314+0000] {taskinstance.py:2170} INFO - Starting attempt 1 of 1
[2025-12-24T20:12:05.340+0000] {taskinstance.py:2191} INFO - Executing <Task(S3KeySensor): wait_for_file> on 2025-12-24 20:12:00.652072+00:00
[2025-12-24T20:12:05.354+0000] {standard_task_runner.py:60} INFO - Started process 4276 to run task
[2025-12-24T20:12:05.399+0000] {standard_task_runner.py:87} INFO - Running: ['***', 'tasks', 'run', 'hello_***_xcom', 'wait_for_file', 'manual__2025-12-24T20:12:00.652072+00:00', '--job-id', '20', '--raw', '--subdir', 'DAGS_FOLDER/hello_***.py', '--cfg-path', '/tmp/tmpjuyzk7pr']
[2025-12-24T20:12:05.403+0000] {standard_task_runner.py:88} INFO - Job 20: Subtask wait_for_file
[2025-12-24T20:12:05.568+0000] {logging_mixin.py:188} INFO - Changing /opt/***/logs/dag_id=hello_***_xcom/run_id=manual__2025-12-24T20:12:00.652072+00:00/task_id=wait_for_file permission to 509
[2025-12-24T20:12:05.569+0000] {logging_mixin.py:188} INFO - Failed to change /opt/***/logs/dag_id=hello_***_xcom/run_id=manual__2025-12-24T20:12:00.652072+00:00/task_id=wait_for_file permission to 509: [Errno 1] Operation not permitted: '/opt/***/logs/dag_id=hello_***_xcom/run_id=manual__2025-12-24T20:12:00.652072+00:00/task_id=wait_for_file'
[2025-12-24T20:12:05.586+0000] {task_command.py:423} INFO - Running <TaskInstance: hello_airflow_xcom.wait_for_file manual__2025-12-24T20:12:00.652072+00:00 [running]> on host 0c92c20f937f
[2025-12-24T20:12:05.703+0000] {taskinstance.py:2480} INFO - Exporting env vars: AIRFLOW_CTX_DAG_OWNER='***' AIRFLOW_CTX_DAG_ID='hello_***_xcom' AIRFLOW_CTX_TASK_ID='wait_for_file' AIRFLOW_CTX_EXECUTION_DATE='2025-12-24T20:12:00.652072+00:00' AIRFLOW_CTX_TRY_NUMBER='1' AIRFLOW_CTX_DAG_RUN_ID='manual__2025-12-24T20:12:00.652072+00:00'
[2025-12-24T20:12:05.705+0000] {s3.py:106} INFO - Poking for key : s3://***-bucket798/*.csv
[2025-12-24T20:12:05.721+0000] {base.py:83} INFO - Using connection ID 'aws_default' for task execution.
[2025-12-24T20:12:05.722+0000] {connection_wrapper.py:378} INFO - AWS Connection (conn_id='aws_default', conn_type='aws') credentials retrieved from login and password.
[2025-12-24T20:12:06.871+0000] {base.py:295} INFO - Success criteria met. Exiting.
[2025-12-24T20:12:06.885+0000] {taskinstance.py:1138} INFO - Marking task as SUCCESS. dag_id=hello_***_xcom, task_id=wait_for_file, execution_date=20251224T201200, start_date=20251224T201205, end_date=20251224T201206
[2025-12-24T20:12:06.927+0000] {local_task_job_runner.py:234} INFO - Task exited with return code 0
[2025-12-24T20:12:06.963+0000] {taskinstance.py:3280} INFO - 1 downstream tasks scheduled from follow-on schedule check
