[2025-12-24T16:01:32.781+0000] {logging_mixin.py:188} INFO - Changing /opt/***/logs/dag_id=hello_***/run_id=manual__2025-12-24T16:01:27.899202+00:00/task_id=batch_task permission to 509
[2025-12-24T16:01:32.782+0000] {logging_mixin.py:188} INFO - Failed to change /opt/***/logs/dag_id=hello_***/run_id=manual__2025-12-24T16:01:27.899202+00:00/task_id=batch_task permission to 509: [Errno 1] Operation not permitted: '/opt/***/logs/dag_id=hello_***/run_id=manual__2025-12-24T16:01:27.899202+00:00/task_id=batch_task'
[2025-12-24T16:01:33.315+0000] {logging_mixin.py:188} INFO - Changing /opt/***/logs/dag_id=hello_***/run_id=manual__2025-12-24T16:01:27.899202+00:00/task_id=batch_task permission to 509
[2025-12-24T16:01:33.316+0000] {logging_mixin.py:188} INFO - Failed to change /opt/***/logs/dag_id=hello_***/run_id=manual__2025-12-24T16:01:27.899202+00:00/task_id=batch_task permission to 509: [Errno 1] Operation not permitted: '/opt/***/logs/dag_id=hello_***/run_id=manual__2025-12-24T16:01:27.899202+00:00/task_id=batch_task'
[2025-12-24T16:01:33.361+0000] {taskinstance.py:1956} INFO - Dependencies all met for dep_context=non-requeueable deps ti=<TaskInstance: hello_airflow.batch_task manual__2025-12-24T16:01:27.899202+00:00 [queued]>
[2025-12-24T16:01:33.373+0000] {taskinstance.py:1956} INFO - Dependencies all met for dep_context=requeueable deps ti=<TaskInstance: hello_airflow.batch_task manual__2025-12-24T16:01:27.899202+00:00 [queued]>
[2025-12-24T16:01:33.374+0000] {taskinstance.py:2170} INFO - Starting attempt 1 of 1
[2025-12-24T16:01:33.404+0000] {taskinstance.py:2191} INFO - Executing <Task(BashOperator): batch_task> on 2025-12-24 16:01:27.899202+00:00
[2025-12-24T16:01:33.412+0000] {standard_task_runner.py:60} INFO - Started process 491 to run task
[2025-12-24T16:01:33.443+0000] {standard_task_runner.py:87} INFO - Running: ['***', 'tasks', 'run', 'hello_***', 'batch_task', 'manual__2025-12-24T16:01:27.899202+00:00', '--job-id', '5', '--raw', '--subdir', 'DAGS_FOLDER/hello_***.py', '--cfg-path', '/tmp/tmps4b3_p75']
[2025-12-24T16:01:33.449+0000] {standard_task_runner.py:88} INFO - Job 5: Subtask batch_task
[2025-12-24T16:01:33.796+0000] {logging_mixin.py:188} INFO - Changing /opt/***/logs/dag_id=hello_***/run_id=manual__2025-12-24T16:01:27.899202+00:00/task_id=batch_task permission to 509
[2025-12-24T16:01:33.797+0000] {logging_mixin.py:188} INFO - Failed to change /opt/***/logs/dag_id=hello_***/run_id=manual__2025-12-24T16:01:27.899202+00:00/task_id=batch_task permission to 509: [Errno 1] Operation not permitted: '/opt/***/logs/dag_id=hello_***/run_id=manual__2025-12-24T16:01:27.899202+00:00/task_id=batch_task'
[2025-12-24T16:01:33.857+0000] {task_command.py:423} INFO - Running <TaskInstance: hello_airflow.batch_task manual__2025-12-24T16:01:27.899202+00:00 [running]> on host 0c92c20f937f
[2025-12-24T16:01:34.036+0000] {taskinstance.py:2480} INFO - Exporting env vars: AIRFLOW_CTX_DAG_OWNER='***' AIRFLOW_CTX_DAG_ID='hello_***' AIRFLOW_CTX_TASK_ID='batch_task' AIRFLOW_CTX_EXECUTION_DATE='2025-12-24T16:01:27.899202+00:00' AIRFLOW_CTX_TRY_NUMBER='1' AIRFLOW_CTX_DAG_RUN_ID='manual__2025-12-24T16:01:27.899202+00:00'
[2025-12-24T16:01:34.040+0000] {subprocess.py:63} INFO - Tmp dir root location: /tmp
[2025-12-24T16:01:34.042+0000] {subprocess.py:75} INFO - Running command: ['/usr/bin/bash', '-c', "echo 'This is a batch task running in Airflow!'"]
[2025-12-24T16:01:34.059+0000] {subprocess.py:86} INFO - Output:
[2025-12-24T16:01:34.066+0000] {subprocess.py:93} INFO - This is a batch task running in Airflow!
[2025-12-24T16:01:34.067+0000] {subprocess.py:97} INFO - Command exited with return code 0
[2025-12-24T16:01:34.096+0000] {taskinstance.py:1138} INFO - Marking task as SUCCESS. dag_id=hello_***, task_id=batch_task, execution_date=20251224T160127, start_date=20251224T160133, end_date=20251224T160134
[2025-12-24T16:01:34.131+0000] {local_task_job_runner.py:234} INFO - Task exited with return code 0
[2025-12-24T16:01:34.148+0000] {taskinstance.py:3280} INFO - 0 downstream tasks scheduled from follow-on schedule check
