[2025-12-24T22:43:50.703+0000] {logging_mixin.py:188} INFO - Changing /opt/***/logs/dag_id=hello_***_postgres_slack/run_id=manual__2025-12-24T22:43:43.926012+00:00/task_id=transform_task permission to 509
[2025-12-24T22:43:50.706+0000] {logging_mixin.py:188} INFO - Failed to change /opt/***/logs/dag_id=hello_***_postgres_slack/run_id=manual__2025-12-24T22:43:43.926012+00:00/task_id=transform_task permission to 509: [Errno 1] Operation not permitted: '/opt/***/logs/dag_id=hello_***_postgres_slack/run_id=manual__2025-12-24T22:43:43.926012+00:00/task_id=transform_task'
[2025-12-24T22:43:50.747+0000] {logging_mixin.py:188} INFO - Changing /opt/***/logs/dag_id=hello_***_postgres_slack/run_id=manual__2025-12-24T22:43:43.926012+00:00/task_id=transform_task permission to 509
[2025-12-24T22:43:50.754+0000] {logging_mixin.py:188} INFO - Failed to change /opt/***/logs/dag_id=hello_***_postgres_slack/run_id=manual__2025-12-24T22:43:43.926012+00:00/task_id=transform_task permission to 509: [Errno 1] Operation not permitted: '/opt/***/logs/dag_id=hello_***_postgres_slack/run_id=manual__2025-12-24T22:43:43.926012+00:00/task_id=transform_task'
[2025-12-24T22:43:50.786+0000] {taskinstance.py:1956} INFO - Dependencies all met for dep_context=non-requeueable deps ti=<TaskInstance: hello_airflow_postgres_slack.transform_task manual__2025-12-24T22:43:43.926012+00:00 [queued]>
[2025-12-24T22:43:50.796+0000] {taskinstance.py:1956} INFO - Dependencies all met for dep_context=requeueable deps ti=<TaskInstance: hello_airflow_postgres_slack.transform_task manual__2025-12-24T22:43:43.926012+00:00 [queued]>
[2025-12-24T22:43:50.797+0000] {taskinstance.py:2170} INFO - Starting attempt 1 of 1
[2025-12-24T22:43:50.813+0000] {taskinstance.py:2191} INFO - Executing <Task(PythonOperator): transform_task> on 2025-12-24 22:43:43.926012+00:00
[2025-12-24T22:43:50.819+0000] {standard_task_runner.py:60} INFO - Started process 6616 to run task
[2025-12-24T22:43:50.823+0000] {standard_task_runner.py:87} INFO - Running: ['***', 'tasks', 'run', 'hello_***_postgres_slack', 'transform_task', 'manual__2025-12-24T22:43:43.926012+00:00', '--job-id', '43', '--raw', '--subdir', 'DAGS_FOLDER/ecom.py', '--cfg-path', '/tmp/tmp64oahq58']
[2025-12-24T22:43:50.824+0000] {standard_task_runner.py:88} INFO - Job 43: Subtask transform_task
[2025-12-24T22:43:50.881+0000] {logging_mixin.py:188} INFO - Changing /opt/***/logs/dag_id=hello_***_postgres_slack/run_id=manual__2025-12-24T22:43:43.926012+00:00/task_id=transform_task permission to 509
[2025-12-24T22:43:50.882+0000] {logging_mixin.py:188} INFO - Failed to change /opt/***/logs/dag_id=hello_***_postgres_slack/run_id=manual__2025-12-24T22:43:43.926012+00:00/task_id=transform_task permission to 509: [Errno 1] Operation not permitted: '/opt/***/logs/dag_id=hello_***_postgres_slack/run_id=manual__2025-12-24T22:43:43.926012+00:00/task_id=transform_task'
[2025-12-24T22:43:50.895+0000] {task_command.py:423} INFO - Running <TaskInstance: hello_airflow_postgres_slack.transform_task manual__2025-12-24T22:43:43.926012+00:00 [running]> on host 0c92c20f937f
[2025-12-24T22:43:50.984+0000] {taskinstance.py:2480} INFO - Exporting env vars: AIRFLOW_CTX_DAG_OWNER='***' AIRFLOW_CTX_DAG_ID='hello_***_postgres_slack' AIRFLOW_CTX_TASK_ID='transform_task' AIRFLOW_CTX_EXECUTION_DATE='2025-12-24T22:43:43.926012+00:00' AIRFLOW_CTX_TRY_NUMBER='1' AIRFLOW_CTX_DAG_RUN_ID='manual__2025-12-24T22:43:43.926012+00:00'
[2025-12-24T22:43:50.996+0000] {base.py:83} INFO - Using connection ID 'aws_default' for task execution.
[2025-12-24T22:43:50.997+0000] {connection_wrapper.py:378} INFO - AWS Connection (conn_id='aws_default', conn_type='aws') credentials retrieved from login and password.
[2025-12-24T22:43:52.029+0000] {s3.py:1375} INFO - This function shadows the 'download_file' method of S3 API, but it is not the same. If you want to use the original method from S3 API, please call 'S3Hook.get_conn().download_file()'
[2025-12-24T22:43:52.031+0000] {s3.py:1381} INFO - Downloading source S3 file from Bucket ***-bucket798 with path 100 Sales Records.csv
[2025-12-24T22:43:57.605+0000] {python.py:201} INFO - Done. Returned value was: None
[2025-12-24T22:43:57.616+0000] {taskinstance.py:1138} INFO - Marking task as SUCCESS. dag_id=hello_***_postgres_slack, task_id=transform_task, execution_date=20251224T224343, start_date=20251224T224350, end_date=20251224T224357
[2025-12-24T22:43:57.668+0000] {local_task_job_runner.py:234} INFO - Task exited with return code 0
[2025-12-24T22:43:57.698+0000] {taskinstance.py:3280} INFO - 1 downstream tasks scheduled from follow-on schedule check
