[2025-12-24T22:43:59.936+0000] {logging_mixin.py:188} INFO - Changing /opt/***/logs/dag_id=hello_***_postgres_slack/run_id=manual__2025-12-24T22:43:43.926012+00:00/task_id=postgres_task permission to 509
[2025-12-24T22:43:59.937+0000] {logging_mixin.py:188} INFO - Failed to change /opt/***/logs/dag_id=hello_***_postgres_slack/run_id=manual__2025-12-24T22:43:43.926012+00:00/task_id=postgres_task permission to 509: [Errno 1] Operation not permitted: '/opt/***/logs/dag_id=hello_***_postgres_slack/run_id=manual__2025-12-24T22:43:43.926012+00:00/task_id=postgres_task'
[2025-12-24T22:43:59.974+0000] {logging_mixin.py:188} INFO - Changing /opt/***/logs/dag_id=hello_***_postgres_slack/run_id=manual__2025-12-24T22:43:43.926012+00:00/task_id=postgres_task permission to 509
[2025-12-24T22:43:59.975+0000] {logging_mixin.py:188} INFO - Failed to change /opt/***/logs/dag_id=hello_***_postgres_slack/run_id=manual__2025-12-24T22:43:43.926012+00:00/task_id=postgres_task permission to 509: [Errno 1] Operation not permitted: '/opt/***/logs/dag_id=hello_***_postgres_slack/run_id=manual__2025-12-24T22:43:43.926012+00:00/task_id=postgres_task'
[2025-12-24T22:44:00.005+0000] {taskinstance.py:1956} INFO - Dependencies all met for dep_context=non-requeueable deps ti=<TaskInstance: hello_airflow_postgres_slack.postgres_task manual__2025-12-24T22:43:43.926012+00:00 [queued]>
[2025-12-24T22:44:00.017+0000] {taskinstance.py:1956} INFO - Dependencies all met for dep_context=requeueable deps ti=<TaskInstance: hello_airflow_postgres_slack.postgres_task manual__2025-12-24T22:43:43.926012+00:00 [queued]>
[2025-12-24T22:44:00.018+0000] {taskinstance.py:2170} INFO - Starting attempt 1 of 1
[2025-12-24T22:44:00.035+0000] {taskinstance.py:2191} INFO - Executing <Task(PythonOperator): postgres_task> on 2025-12-24 22:43:43.926012+00:00
[2025-12-24T22:44:00.046+0000] {standard_task_runner.py:60} INFO - Started process 6623 to run task
[2025-12-24T22:44:00.050+0000] {standard_task_runner.py:87} INFO - Running: ['***', 'tasks', 'run', 'hello_***_postgres_slack', 'postgres_task', 'manual__2025-12-24T22:43:43.926012+00:00', '--job-id', '44', '--raw', '--subdir', 'DAGS_FOLDER/ecom.py', '--cfg-path', '/tmp/tmpbkvsxohv']
[2025-12-24T22:44:00.052+0000] {standard_task_runner.py:88} INFO - Job 44: Subtask postgres_task
[2025-12-24T22:44:00.104+0000] {logging_mixin.py:188} INFO - Changing /opt/***/logs/dag_id=hello_***_postgres_slack/run_id=manual__2025-12-24T22:43:43.926012+00:00/task_id=postgres_task permission to 509
[2025-12-24T22:44:00.105+0000] {logging_mixin.py:188} INFO - Failed to change /opt/***/logs/dag_id=hello_***_postgres_slack/run_id=manual__2025-12-24T22:43:43.926012+00:00/task_id=postgres_task permission to 509: [Errno 1] Operation not permitted: '/opt/***/logs/dag_id=hello_***_postgres_slack/run_id=manual__2025-12-24T22:43:43.926012+00:00/task_id=postgres_task'
[2025-12-24T22:44:00.117+0000] {task_command.py:423} INFO - Running <TaskInstance: hello_airflow_postgres_slack.postgres_task manual__2025-12-24T22:43:43.926012+00:00 [running]> on host 0c92c20f937f
[2025-12-24T22:44:00.194+0000] {taskinstance.py:2480} INFO - Exporting env vars: AIRFLOW_CTX_DAG_OWNER='***' AIRFLOW_CTX_DAG_ID='hello_***_postgres_slack' AIRFLOW_CTX_TASK_ID='postgres_task' AIRFLOW_CTX_EXECUTION_DATE='2025-12-24T22:43:43.926012+00:00' AIRFLOW_CTX_TRY_NUMBER='1' AIRFLOW_CTX_DAG_RUN_ID='manual__2025-12-24T22:43:43.926012+00:00'
[2025-12-24T22:44:00.204+0000] {s3.py:1375} INFO - This function shadows the 'download_file' method of S3 API, but it is not the same. If you want to use the original method from S3 API, please call 'S3Hook.get_conn().download_file()'
[2025-12-24T22:44:00.205+0000] {s3.py:1381} INFO - Downloading source S3 file from Bucket ***-bucket798 with path ecom_output/transformed.csv
[2025-12-24T22:44:00.213+0000] {base.py:83} INFO - Using connection ID 'aws_default' for task execution.
[2025-12-24T22:44:00.214+0000] {connection_wrapper.py:378} INFO - AWS Connection (conn_id='aws_default', conn_type='aws') credentials retrieved from login and password.
[2025-12-24T22:44:00.961+0000] {base.py:83} INFO - Using connection ID 'postgres_default' for task execution.
[2025-12-24T22:44:00.962+0000] {ecom.py:62} INFO - Importing 50 rows into Postgres...
[2025-12-24T22:44:01.025+0000] {ecom.py:70} INFO - Import terminé avec succès !
[2025-12-24T22:44:01.040+0000] {python.py:201} INFO - Done. Returned value was: None
[2025-12-24T22:44:01.049+0000] {taskinstance.py:1138} INFO - Marking task as SUCCESS. dag_id=hello_***_postgres_slack, task_id=postgres_task, execution_date=20251224T224343, start_date=20251224T224400, end_date=20251224T224401
[2025-12-24T22:44:01.107+0000] {local_task_job_runner.py:234} INFO - Task exited with return code 0
[2025-12-24T22:44:01.124+0000] {taskinstance.py:3280} INFO - 1 downstream tasks scheduled from follow-on schedule check
