[2025-12-24T20:11:59.309+0000] {logging_mixin.py:188} INFO - Changing /opt/***/logs/dag_id=hello_***_xcom/run_id=scheduled__2025-12-23T00:00:00+00:00/task_id=wait_for_file permission to 509
[2025-12-24T20:11:59.310+0000] {logging_mixin.py:188} INFO - Failed to change /opt/***/logs/dag_id=hello_***_xcom/run_id=scheduled__2025-12-23T00:00:00+00:00/task_id=wait_for_file permission to 509: [Errno 1] Operation not permitted: '/opt/***/logs/dag_id=hello_***_xcom/run_id=scheduled__2025-12-23T00:00:00+00:00/task_id=wait_for_file'
[2025-12-24T20:11:59.359+0000] {logging_mixin.py:188} INFO - Changing /opt/***/logs/dag_id=hello_***_xcom/run_id=scheduled__2025-12-23T00:00:00+00:00/task_id=wait_for_file permission to 509
[2025-12-24T20:11:59.361+0000] {logging_mixin.py:188} INFO - Failed to change /opt/***/logs/dag_id=hello_***_xcom/run_id=scheduled__2025-12-23T00:00:00+00:00/task_id=wait_for_file permission to 509: [Errno 1] Operation not permitted: '/opt/***/logs/dag_id=hello_***_xcom/run_id=scheduled__2025-12-23T00:00:00+00:00/task_id=wait_for_file'
[2025-12-24T20:11:59.424+0000] {taskinstance.py:1956} INFO - Dependencies all met for dep_context=non-requeueable deps ti=<TaskInstance: hello_airflow_xcom.wait_for_file scheduled__2025-12-23T00:00:00+00:00 [queued]>
[2025-12-24T20:11:59.453+0000] {taskinstance.py:1956} INFO - Dependencies all met for dep_context=requeueable deps ti=<TaskInstance: hello_airflow_xcom.wait_for_file scheduled__2025-12-23T00:00:00+00:00 [queued]>
[2025-12-24T20:11:59.461+0000] {taskinstance.py:2170} INFO - Starting attempt 1 of 1
[2025-12-24T20:11:59.534+0000] {taskinstance.py:2191} INFO - Executing <Task(S3KeySensor): wait_for_file> on 2025-12-23 00:00:00+00:00
[2025-12-24T20:11:59.558+0000] {standard_task_runner.py:60} INFO - Started process 4271 to run task
[2025-12-24T20:11:59.568+0000] {standard_task_runner.py:87} INFO - Running: ['***', 'tasks', 'run', 'hello_***_xcom', 'wait_for_file', 'scheduled__2025-12-23T00:00:00+00:00', '--job-id', '19', '--raw', '--subdir', 'DAGS_FOLDER/hello_***.py', '--cfg-path', '/tmp/tmpkfzhahdf']
[2025-12-24T20:11:59.569+0000] {standard_task_runner.py:88} INFO - Job 19: Subtask wait_for_file
[2025-12-24T20:11:59.667+0000] {logging_mixin.py:188} INFO - Changing /opt/***/logs/dag_id=hello_***_xcom/run_id=scheduled__2025-12-23T00:00:00+00:00/task_id=wait_for_file permission to 509
[2025-12-24T20:11:59.669+0000] {logging_mixin.py:188} INFO - Failed to change /opt/***/logs/dag_id=hello_***_xcom/run_id=scheduled__2025-12-23T00:00:00+00:00/task_id=wait_for_file permission to 509: [Errno 1] Operation not permitted: '/opt/***/logs/dag_id=hello_***_xcom/run_id=scheduled__2025-12-23T00:00:00+00:00/task_id=wait_for_file'
[2025-12-24T20:11:59.692+0000] {task_command.py:423} INFO - Running <TaskInstance: hello_airflow_xcom.wait_for_file scheduled__2025-12-23T00:00:00+00:00 [running]> on host 0c92c20f937f
[2025-12-24T20:11:59.828+0000] {taskinstance.py:2480} INFO - Exporting env vars: AIRFLOW_CTX_DAG_OWNER='***' AIRFLOW_CTX_DAG_ID='hello_***_xcom' AIRFLOW_CTX_TASK_ID='wait_for_file' AIRFLOW_CTX_EXECUTION_DATE='2025-12-23T00:00:00+00:00' AIRFLOW_CTX_TRY_NUMBER='1' AIRFLOW_CTX_DAG_RUN_ID='scheduled__2025-12-23T00:00:00+00:00'
[2025-12-24T20:11:59.831+0000] {s3.py:106} INFO - Poking for key : s3://***-bucket798/*.csv
[2025-12-24T20:11:59.844+0000] {base.py:83} INFO - Using connection ID 'aws_default' for task execution.
[2025-12-24T20:11:59.845+0000] {connection_wrapper.py:378} INFO - AWS Connection (conn_id='aws_default', conn_type='aws') credentials retrieved from login and password.
[2025-12-24T20:12:00.854+0000] {base.py:295} INFO - Success criteria met. Exiting.
[2025-12-24T20:12:00.866+0000] {taskinstance.py:1138} INFO - Marking task as SUCCESS. dag_id=hello_***_xcom, task_id=wait_for_file, execution_date=20251223T000000, start_date=20251224T201159, end_date=20251224T201200
[2025-12-24T20:12:00.905+0000] {local_task_job_runner.py:234} INFO - Task exited with return code 0
[2025-12-24T20:12:00.962+0000] {taskinstance.py:3280} INFO - 1 downstream tasks scheduled from follow-on schedule check
