[2025-12-24T22:34:46.868+0000] {logging_mixin.py:188} INFO - Changing /opt/***/logs/dag_id=hello_***_postgres_slack/run_id=manual__2025-12-24T22:34:35.096522+00:00/task_id=postgres_task permission to 509
[2025-12-24T22:34:46.869+0000] {logging_mixin.py:188} INFO - Failed to change /opt/***/logs/dag_id=hello_***_postgres_slack/run_id=manual__2025-12-24T22:34:35.096522+00:00/task_id=postgres_task permission to 509: [Errno 1] Operation not permitted: '/opt/***/logs/dag_id=hello_***_postgres_slack/run_id=manual__2025-12-24T22:34:35.096522+00:00/task_id=postgres_task'
[2025-12-24T22:34:46.953+0000] {logging_mixin.py:188} INFO - Changing /opt/***/logs/dag_id=hello_***_postgres_slack/run_id=manual__2025-12-24T22:34:35.096522+00:00/task_id=postgres_task permission to 509
[2025-12-24T22:34:46.956+0000] {logging_mixin.py:188} INFO - Failed to change /opt/***/logs/dag_id=hello_***_postgres_slack/run_id=manual__2025-12-24T22:34:35.096522+00:00/task_id=postgres_task permission to 509: [Errno 1] Operation not permitted: '/opt/***/logs/dag_id=hello_***_postgres_slack/run_id=manual__2025-12-24T22:34:35.096522+00:00/task_id=postgres_task'
[2025-12-24T22:34:47.047+0000] {taskinstance.py:1956} INFO - Dependencies all met for dep_context=non-requeueable deps ti=<TaskInstance: hello_airflow_postgres_slack.postgres_task manual__2025-12-24T22:34:35.096522+00:00 [queued]>
[2025-12-24T22:34:47.063+0000] {taskinstance.py:1956} INFO - Dependencies all met for dep_context=requeueable deps ti=<TaskInstance: hello_airflow_postgres_slack.postgres_task manual__2025-12-24T22:34:35.096522+00:00 [queued]>
[2025-12-24T22:34:47.064+0000] {taskinstance.py:2170} INFO - Starting attempt 1 of 1
[2025-12-24T22:34:47.092+0000] {taskinstance.py:2191} INFO - Executing <Task(PythonOperator): postgres_task> on 2025-12-24 22:34:35.096522+00:00
[2025-12-24T22:34:47.100+0000] {standard_task_runner.py:60} INFO - Started process 6461 to run task
[2025-12-24T22:34:47.109+0000] {standard_task_runner.py:87} INFO - Running: ['***', 'tasks', 'run', 'hello_***_postgres_slack', 'postgres_task', 'manual__2025-12-24T22:34:35.096522+00:00', '--job-id', '38', '--raw', '--subdir', 'DAGS_FOLDER/ecom.py', '--cfg-path', '/tmp/tmptv17u7pq']
[2025-12-24T22:34:47.110+0000] {standard_task_runner.py:88} INFO - Job 38: Subtask postgres_task
[2025-12-24T22:34:47.192+0000] {logging_mixin.py:188} INFO - Changing /opt/***/logs/dag_id=hello_***_postgres_slack/run_id=manual__2025-12-24T22:34:35.096522+00:00/task_id=postgres_task permission to 509
[2025-12-24T22:34:47.193+0000] {logging_mixin.py:188} INFO - Failed to change /opt/***/logs/dag_id=hello_***_postgres_slack/run_id=manual__2025-12-24T22:34:35.096522+00:00/task_id=postgres_task permission to 509: [Errno 1] Operation not permitted: '/opt/***/logs/dag_id=hello_***_postgres_slack/run_id=manual__2025-12-24T22:34:35.096522+00:00/task_id=postgres_task'
[2025-12-24T22:34:47.211+0000] {task_command.py:423} INFO - Running <TaskInstance: hello_airflow_postgres_slack.postgres_task manual__2025-12-24T22:34:35.096522+00:00 [running]> on host 0c92c20f937f
[2025-12-24T22:34:47.332+0000] {taskinstance.py:2480} INFO - Exporting env vars: AIRFLOW_CTX_DAG_OWNER='***' AIRFLOW_CTX_DAG_ID='hello_***_postgres_slack' AIRFLOW_CTX_TASK_ID='postgres_task' AIRFLOW_CTX_EXECUTION_DATE='2025-12-24T22:34:35.096522+00:00' AIRFLOW_CTX_TRY_NUMBER='1' AIRFLOW_CTX_DAG_RUN_ID='manual__2025-12-24T22:34:35.096522+00:00'
[2025-12-24T22:34:47.354+0000] {s3.py:1375} INFO - This function shadows the 'download_file' method of S3 API, but it is not the same. If you want to use the original method from S3 API, please call 'S3Hook.get_conn().download_file()'
[2025-12-24T22:34:47.355+0000] {s3.py:1381} INFO - Downloading source S3 file from Bucket ***-bucket798 with path ecom_output/transformed.csv
[2025-12-24T22:34:47.368+0000] {base.py:83} INFO - Using connection ID 'aws_default' for task execution.
[2025-12-24T22:34:47.369+0000] {connection_wrapper.py:378} INFO - AWS Connection (conn_id='aws_default', conn_type='aws') credentials retrieved from login and password.
[2025-12-24T22:34:48.696+0000] {base.py:83} INFO - Using connection ID 'postgres_default' for task execution.
[2025-12-24T22:34:48.698+0000] {ecom.py:62} INFO - Importing 50 rows into Postgres...
[2025-12-24T22:34:48.707+0000] {ecom.py:75} ERROR - Erreur SQL : (psycopg2.OperationalError) connection to server on socket "/var/run/postgresql/.s.PGSQL.5432" failed: No such file or directory
	Is the server running locally and accepting connections on that socket?

(Background on this error at: https://sqlalche.me/e/14/e3q8)
[2025-12-24T22:34:48.722+0000] {taskinstance.py:2698} ERROR - Task failed with exception
Traceback (most recent call last):
  File "/home/airflow/.local/lib/python3.8/site-packages/sqlalchemy/engine/base.py", line 3371, in _wrap_pool_connect
    return fn()
  File "/home/airflow/.local/lib/python3.8/site-packages/sqlalchemy/pool/base.py", line 327, in connect
    return _ConnectionFairy._checkout(self)
  File "/home/airflow/.local/lib/python3.8/site-packages/sqlalchemy/pool/base.py", line 894, in _checkout
    fairy = _ConnectionRecord.checkout(pool)
  File "/home/airflow/.local/lib/python3.8/site-packages/sqlalchemy/pool/base.py", line 493, in checkout
    rec = pool._do_get()
  File "/home/airflow/.local/lib/python3.8/site-packages/sqlalchemy/pool/impl.py", line 146, in _do_get
    self._dec_overflow()
  File "/home/airflow/.local/lib/python3.8/site-packages/sqlalchemy/util/langhelpers.py", line 70, in __exit__
    compat.raise_(
  File "/home/airflow/.local/lib/python3.8/site-packages/sqlalchemy/util/compat.py", line 211, in raise_
    raise exception
  File "/home/airflow/.local/lib/python3.8/site-packages/sqlalchemy/pool/impl.py", line 143, in _do_get
    return self._create_connection()
  File "/home/airflow/.local/lib/python3.8/site-packages/sqlalchemy/pool/base.py", line 273, in _create_connection
    return _ConnectionRecord(self)
  File "/home/airflow/.local/lib/python3.8/site-packages/sqlalchemy/pool/base.py", line 388, in __init__
    self.__connect()
  File "/home/airflow/.local/lib/python3.8/site-packages/sqlalchemy/pool/base.py", line 691, in __connect
    pool.logger.debug("Error on connect(): %s", e)
  File "/home/airflow/.local/lib/python3.8/site-packages/sqlalchemy/util/langhelpers.py", line 70, in __exit__
    compat.raise_(
  File "/home/airflow/.local/lib/python3.8/site-packages/sqlalchemy/util/compat.py", line 211, in raise_
    raise exception
  File "/home/airflow/.local/lib/python3.8/site-packages/sqlalchemy/pool/base.py", line 686, in __connect
    self.dbapi_connection = connection = pool._invoke_creator(self)
  File "/home/airflow/.local/lib/python3.8/site-packages/sqlalchemy/engine/create.py", line 574, in connect
    return dialect.connect(*cargs, **cparams)
  File "/home/airflow/.local/lib/python3.8/site-packages/sqlalchemy/engine/default.py", line 598, in connect
    return self.dbapi.connect(*cargs, **cparams)
  File "/home/airflow/.local/lib/python3.8/site-packages/psycopg2/__init__.py", line 122, in connect
    conn = _connect(dsn, connection_factory=connection_factory, **kwasync)
psycopg2.OperationalError: connection to server on socket "/var/run/postgresql/.s.PGSQL.5432" failed: No such file or directory
	Is the server running locally and accepting connections on that socket?


The above exception was the direct cause of the following exception:

Traceback (most recent call last):
  File "/home/airflow/.local/lib/python3.8/site-packages/airflow/models/taskinstance.py", line 433, in _execute_task
    result = execute_callable(context=context, **execute_callable_kwargs)
  File "/home/airflow/.local/lib/python3.8/site-packages/airflow/operators/python.py", line 199, in execute
    return_value = self.execute_callable()
  File "/home/airflow/.local/lib/python3.8/site-packages/airflow/operators/python.py", line 216, in execute_callable
    return self.python_callable(*self.op_args, **self.op_kwargs)
  File "/opt/airflow/dags/ecom.py", line 79, in pg_loader_method
    raise e
  File "/opt/airflow/dags/ecom.py", line 64, in pg_loader_method
    df.to_sql(
  File "/home/airflow/.local/lib/python3.8/site-packages/pandas/core/generic.py", line 2878, in to_sql
    return sql.to_sql(
  File "/home/airflow/.local/lib/python3.8/site-packages/pandas/io/sql.py", line 768, in to_sql
    with pandasSQL_builder(con, schema=schema, need_transaction=True) as pandas_sql:
  File "/home/airflow/.local/lib/python3.8/site-packages/pandas/io/sql.py", line 832, in pandasSQL_builder
    return SQLDatabase(con, schema, need_transaction)
  File "/home/airflow/.local/lib/python3.8/site-packages/pandas/io/sql.py", line 1539, in __init__
    con = self.exit_stack.enter_context(con.connect())
  File "/home/airflow/.local/lib/python3.8/site-packages/sqlalchemy/engine/base.py", line 3325, in connect
    return self._connection_cls(self, close_with_result=close_with_result)
  File "/home/airflow/.local/lib/python3.8/site-packages/sqlalchemy/engine/base.py", line 96, in __init__
    else engine.raw_connection()
  File "/home/airflow/.local/lib/python3.8/site-packages/sqlalchemy/engine/base.py", line 3404, in raw_connection
    return self._wrap_pool_connect(self.pool.connect, _connection)
  File "/home/airflow/.local/lib/python3.8/site-packages/sqlalchemy/engine/base.py", line 3374, in _wrap_pool_connect
    Connection._handle_dbapi_exception_noconnection(
  File "/home/airflow/.local/lib/python3.8/site-packages/sqlalchemy/engine/base.py", line 2208, in _handle_dbapi_exception_noconnection
    util.raise_(
  File "/home/airflow/.local/lib/python3.8/site-packages/sqlalchemy/util/compat.py", line 211, in raise_
    raise exception
  File "/home/airflow/.local/lib/python3.8/site-packages/sqlalchemy/engine/base.py", line 3371, in _wrap_pool_connect
    return fn()
  File "/home/airflow/.local/lib/python3.8/site-packages/sqlalchemy/pool/base.py", line 327, in connect
    return _ConnectionFairy._checkout(self)
  File "/home/airflow/.local/lib/python3.8/site-packages/sqlalchemy/pool/base.py", line 894, in _checkout
    fairy = _ConnectionRecord.checkout(pool)
  File "/home/airflow/.local/lib/python3.8/site-packages/sqlalchemy/pool/base.py", line 493, in checkout
    rec = pool._do_get()
  File "/home/airflow/.local/lib/python3.8/site-packages/sqlalchemy/pool/impl.py", line 146, in _do_get
    self._dec_overflow()
  File "/home/airflow/.local/lib/python3.8/site-packages/sqlalchemy/util/langhelpers.py", line 70, in __exit__
    compat.raise_(
  File "/home/airflow/.local/lib/python3.8/site-packages/sqlalchemy/util/compat.py", line 211, in raise_
    raise exception
  File "/home/airflow/.local/lib/python3.8/site-packages/sqlalchemy/pool/impl.py", line 143, in _do_get
    return self._create_connection()
  File "/home/airflow/.local/lib/python3.8/site-packages/sqlalchemy/pool/base.py", line 273, in _create_connection
    return _ConnectionRecord(self)
  File "/home/airflow/.local/lib/python3.8/site-packages/sqlalchemy/pool/base.py", line 388, in __init__
    self.__connect()
  File "/home/airflow/.local/lib/python3.8/site-packages/sqlalchemy/pool/base.py", line 691, in __connect
    pool.logger.debug("Error on connect(): %s", e)
  File "/home/airflow/.local/lib/python3.8/site-packages/sqlalchemy/util/langhelpers.py", line 70, in __exit__
    compat.raise_(
  File "/home/airflow/.local/lib/python3.8/site-packages/sqlalchemy/util/compat.py", line 211, in raise_
    raise exception
  File "/home/airflow/.local/lib/python3.8/site-packages/sqlalchemy/pool/base.py", line 686, in __connect
    self.dbapi_connection = connection = pool._invoke_creator(self)
  File "/home/airflow/.local/lib/python3.8/site-packages/sqlalchemy/engine/create.py", line 574, in connect
    return dialect.connect(*cargs, **cparams)
  File "/home/airflow/.local/lib/python3.8/site-packages/sqlalchemy/engine/default.py", line 598, in connect
    return self.dbapi.connect(*cargs, **cparams)
  File "/home/airflow/.local/lib/python3.8/site-packages/psycopg2/__init__.py", line 122, in connect
    conn = _connect(dsn, connection_factory=connection_factory, **kwasync)
sqlalchemy.exc.OperationalError: (psycopg2.OperationalError) connection to server on socket "/var/run/postgresql/.s.PGSQL.5432" failed: No such file or directory
	Is the server running locally and accepting connections on that socket?

(Background on this error at: https://sqlalche.me/e/14/e3q8)
[2025-12-24T22:34:48.738+0000] {taskinstance.py:1138} INFO - Marking task as FAILED. dag_id=hello_***_postgres_slack, task_id=postgres_task, execution_date=20251224T223435, start_date=20251224T223447, end_date=20251224T223448
[2025-12-24T22:34:48.755+0000] {standard_task_runner.py:107} ERROR - Failed to execute job 38 for task postgres_task ((psycopg2.OperationalError) connection to server on socket "/var/run/postgresql/.s.PGSQL.5432" failed: No such file or directory
	Is the server running locally and accepting connections on that socket?

(Background on this error at: https://sqlalche.me/e/14/e3q8); 6461)
[2025-12-24T22:34:48.807+0000] {local_task_job_runner.py:234} INFO - Task exited with return code 1
[2025-12-24T22:34:48.829+0000] {taskinstance.py:3280} INFO - 1 downstream tasks scheduled from follow-on schedule check
