[2025-12-24T22:33:48.274+0000] {logging_mixin.py:188} INFO - Changing /opt/***/logs/dag_id=hello_***_postgres_slack/run_id=scheduled__2025-12-23T00:00:00+00:00/task_id=s3_sensor permission to 509
[2025-12-24T22:33:48.276+0000] {logging_mixin.py:188} INFO - Failed to change /opt/***/logs/dag_id=hello_***_postgres_slack/run_id=scheduled__2025-12-23T00:00:00+00:00/task_id=s3_sensor permission to 509: [Errno 1] Operation not permitted: '/opt/***/logs/dag_id=hello_***_postgres_slack/run_id=scheduled__2025-12-23T00:00:00+00:00/task_id=s3_sensor'
[2025-12-24T22:33:48.332+0000] {logging_mixin.py:188} INFO - Changing /opt/***/logs/dag_id=hello_***_postgres_slack/run_id=scheduled__2025-12-23T00:00:00+00:00/task_id=s3_sensor permission to 509
[2025-12-24T22:33:48.333+0000] {logging_mixin.py:188} INFO - Failed to change /opt/***/logs/dag_id=hello_***_postgres_slack/run_id=scheduled__2025-12-23T00:00:00+00:00/task_id=s3_sensor permission to 509: [Errno 1] Operation not permitted: '/opt/***/logs/dag_id=hello_***_postgres_slack/run_id=scheduled__2025-12-23T00:00:00+00:00/task_id=s3_sensor'
[2025-12-24T22:33:48.408+0000] {taskinstance.py:1956} INFO - Dependencies all met for dep_context=non-requeueable deps ti=<TaskInstance: hello_airflow_postgres_slack.s3_sensor scheduled__2025-12-23T00:00:00+00:00 [queued]>
[2025-12-24T22:33:48.426+0000] {taskinstance.py:1956} INFO - Dependencies all met for dep_context=requeueable deps ti=<TaskInstance: hello_airflow_postgres_slack.s3_sensor scheduled__2025-12-23T00:00:00+00:00 [queued]>
[2025-12-24T22:33:48.429+0000] {taskinstance.py:2170} INFO - Starting attempt 1 of 1
[2025-12-24T22:33:48.478+0000] {taskinstance.py:2191} INFO - Executing <Task(S3KeySensor): s3_sensor> on 2025-12-23 00:00:00+00:00
[2025-12-24T22:33:48.507+0000] {standard_task_runner.py:60} INFO - Started process 6401 to run task
[2025-12-24T22:33:48.513+0000] {standard_task_runner.py:87} INFO - Running: ['***', 'tasks', 'run', 'hello_***_postgres_slack', 's3_sensor', 'scheduled__2025-12-23T00:00:00+00:00', '--job-id', '29', '--raw', '--subdir', 'DAGS_FOLDER/ecom.py', '--cfg-path', '/tmp/tmphzkcvvtv']
[2025-12-24T22:33:48.515+0000] {standard_task_runner.py:88} INFO - Job 29: Subtask s3_sensor
[2025-12-24T22:33:48.740+0000] {logging_mixin.py:188} INFO - Changing /opt/***/logs/dag_id=hello_***_postgres_slack/run_id=scheduled__2025-12-23T00:00:00+00:00/task_id=s3_sensor permission to 509
[2025-12-24T22:33:48.741+0000] {logging_mixin.py:188} INFO - Failed to change /opt/***/logs/dag_id=hello_***_postgres_slack/run_id=scheduled__2025-12-23T00:00:00+00:00/task_id=s3_sensor permission to 509: [Errno 1] Operation not permitted: '/opt/***/logs/dag_id=hello_***_postgres_slack/run_id=scheduled__2025-12-23T00:00:00+00:00/task_id=s3_sensor'
[2025-12-24T22:33:48.766+0000] {task_command.py:423} INFO - Running <TaskInstance: hello_airflow_postgres_slack.s3_sensor scheduled__2025-12-23T00:00:00+00:00 [running]> on host 0c92c20f937f
[2025-12-24T22:33:48.862+0000] {taskinstance.py:2480} INFO - Exporting env vars: AIRFLOW_CTX_DAG_OWNER='***' AIRFLOW_CTX_DAG_ID='hello_***_postgres_slack' AIRFLOW_CTX_TASK_ID='s3_sensor' AIRFLOW_CTX_EXECUTION_DATE='2025-12-23T00:00:00+00:00' AIRFLOW_CTX_TRY_NUMBER='1' AIRFLOW_CTX_DAG_RUN_ID='scheduled__2025-12-23T00:00:00+00:00'
[2025-12-24T22:33:48.864+0000] {s3.py:106} INFO - Poking for key : s3://***-bucket798/*.csv
[2025-12-24T22:33:48.875+0000] {base.py:83} INFO - Using connection ID 'aws_default' for task execution.
[2025-12-24T22:33:48.876+0000] {connection_wrapper.py:378} INFO - AWS Connection (conn_id='aws_default', conn_type='aws') credentials retrieved from login and password.
[2025-12-24T22:33:50.949+0000] {base.py:295} INFO - Success criteria met. Exiting.
[2025-12-24T22:33:50.975+0000] {taskinstance.py:1138} INFO - Marking task as SUCCESS. dag_id=hello_***_postgres_slack, task_id=s3_sensor, execution_date=20251223T000000, start_date=20251224T223348, end_date=20251224T223350
[2025-12-24T22:33:51.062+0000] {local_task_job_runner.py:234} INFO - Task exited with return code 0
[2025-12-24T22:33:51.113+0000] {taskinstance.py:3280} INFO - 1 downstream tasks scheduled from follow-on schedule check
