[2025-12-24T17:05:24.121+0000] {logging_mixin.py:188} INFO - Changing /opt/***/logs/dag_id=hello_***_sensor_processing/run_id=manual__2025-12-24T17:05:18.492517+00:00/task_id=wait_for_file permission to 509
[2025-12-24T17:05:24.121+0000] {logging_mixin.py:188} INFO - Failed to change /opt/***/logs/dag_id=hello_***_sensor_processing/run_id=manual__2025-12-24T17:05:18.492517+00:00/task_id=wait_for_file permission to 509: [Errno 1] Operation not permitted: '/opt/***/logs/dag_id=hello_***_sensor_processing/run_id=manual__2025-12-24T17:05:18.492517+00:00/task_id=wait_for_file'
[2025-12-24T17:05:24.241+0000] {logging_mixin.py:188} INFO - Changing /opt/***/logs/dag_id=hello_***_sensor_processing/run_id=manual__2025-12-24T17:05:18.492517+00:00/task_id=wait_for_file permission to 509
[2025-12-24T17:05:24.258+0000] {logging_mixin.py:188} INFO - Failed to change /opt/***/logs/dag_id=hello_***_sensor_processing/run_id=manual__2025-12-24T17:05:18.492517+00:00/task_id=wait_for_file permission to 509: [Errno 1] Operation not permitted: '/opt/***/logs/dag_id=hello_***_sensor_processing/run_id=manual__2025-12-24T17:05:18.492517+00:00/task_id=wait_for_file'
[2025-12-24T17:05:24.313+0000] {taskinstance.py:1956} INFO - Dependencies all met for dep_context=non-requeueable deps ti=<TaskInstance: hello_airflow_sensor_processing.wait_for_file manual__2025-12-24T17:05:18.492517+00:00 [queued]>
[2025-12-24T17:05:24.326+0000] {taskinstance.py:1956} INFO - Dependencies all met for dep_context=requeueable deps ti=<TaskInstance: hello_airflow_sensor_processing.wait_for_file manual__2025-12-24T17:05:18.492517+00:00 [queued]>
[2025-12-24T17:05:24.328+0000] {taskinstance.py:2170} INFO - Starting attempt 1 of 1
[2025-12-24T17:05:24.347+0000] {taskinstance.py:2191} INFO - Executing <Task(S3KeySensor): wait_for_file> on 2025-12-24 17:05:18.492517+00:00
[2025-12-24T17:05:24.354+0000] {standard_task_runner.py:60} INFO - Started process 1468 to run task
[2025-12-24T17:05:24.359+0000] {standard_task_runner.py:87} INFO - Running: ['***', 'tasks', 'run', 'hello_***_sensor_processing', 'wait_for_file', 'manual__2025-12-24T17:05:18.492517+00:00', '--job-id', '15', '--raw', '--subdir', 'DAGS_FOLDER/hello_***.py', '--cfg-path', '/tmp/tmpas60l_bp']
[2025-12-24T17:05:24.360+0000] {standard_task_runner.py:88} INFO - Job 15: Subtask wait_for_file
[2025-12-24T17:05:24.425+0000] {logging_mixin.py:188} INFO - Changing /opt/***/logs/dag_id=hello_***_sensor_processing/run_id=manual__2025-12-24T17:05:18.492517+00:00/task_id=wait_for_file permission to 509
[2025-12-24T17:05:24.426+0000] {logging_mixin.py:188} INFO - Failed to change /opt/***/logs/dag_id=hello_***_sensor_processing/run_id=manual__2025-12-24T17:05:18.492517+00:00/task_id=wait_for_file permission to 509: [Errno 1] Operation not permitted: '/opt/***/logs/dag_id=hello_***_sensor_processing/run_id=manual__2025-12-24T17:05:18.492517+00:00/task_id=wait_for_file'
[2025-12-24T17:05:24.444+0000] {task_command.py:423} INFO - Running <TaskInstance: hello_airflow_sensor_processing.wait_for_file manual__2025-12-24T17:05:18.492517+00:00 [running]> on host 0c92c20f937f
[2025-12-24T17:05:24.531+0000] {taskinstance.py:2480} INFO - Exporting env vars: AIRFLOW_CTX_DAG_OWNER='***' AIRFLOW_CTX_DAG_ID='hello_***_sensor_processing' AIRFLOW_CTX_TASK_ID='wait_for_file' AIRFLOW_CTX_EXECUTION_DATE='2025-12-24T17:05:18.492517+00:00' AIRFLOW_CTX_TRY_NUMBER='1' AIRFLOW_CTX_DAG_RUN_ID='manual__2025-12-24T17:05:18.492517+00:00'
[2025-12-24T17:05:24.533+0000] {s3.py:106} INFO - Poking for key : s3://***-bucket798/*.csv
[2025-12-24T17:05:24.544+0000] {base.py:83} INFO - Using connection ID 'aws_default' for task execution.
[2025-12-24T17:05:24.545+0000] {connection_wrapper.py:378} INFO - AWS Connection (conn_id='aws_default', conn_type='aws') credentials retrieved from login and password.
[2025-12-24T17:05:55.593+0000] {s3.py:106} INFO - Poking for key : s3://***-bucket798/*.csv
[2025-12-24T17:05:55.988+0000] {base.py:295} INFO - Success criteria met. Exiting.
[2025-12-24T17:05:55.997+0000] {taskinstance.py:1138} INFO - Marking task as SUCCESS. dag_id=hello_***_sensor_processing, task_id=wait_for_file, execution_date=20251224T170518, start_date=20251224T170524, end_date=20251224T170555
[2025-12-24T17:05:56.029+0000] {local_task_job_runner.py:234} INFO - Task exited with return code 0
[2025-12-24T17:05:56.051+0000] {taskinstance.py:3280} INFO - 1 downstream tasks scheduled from follow-on schedule check
