[2025-12-24T20:12:06.071+0000] {logging_mixin.py:188} INFO - Changing /opt/***/logs/dag_id=hello_***_xcom/run_id=scheduled__2025-12-23T00:00:00+00:00/task_id=process_file permission to 509
[2025-12-24T20:12:06.073+0000] {logging_mixin.py:188} INFO - Failed to change /opt/***/logs/dag_id=hello_***_xcom/run_id=scheduled__2025-12-23T00:00:00+00:00/task_id=process_file permission to 509: [Errno 1] Operation not permitted: '/opt/***/logs/dag_id=hello_***_xcom/run_id=scheduled__2025-12-23T00:00:00+00:00/task_id=process_file'
[2025-12-24T20:12:06.120+0000] {logging_mixin.py:188} INFO - Changing /opt/***/logs/dag_id=hello_***_xcom/run_id=scheduled__2025-12-23T00:00:00+00:00/task_id=process_file permission to 509
[2025-12-24T20:12:06.121+0000] {logging_mixin.py:188} INFO - Failed to change /opt/***/logs/dag_id=hello_***_xcom/run_id=scheduled__2025-12-23T00:00:00+00:00/task_id=process_file permission to 509: [Errno 1] Operation not permitted: '/opt/***/logs/dag_id=hello_***_xcom/run_id=scheduled__2025-12-23T00:00:00+00:00/task_id=process_file'
[2025-12-24T20:12:06.178+0000] {taskinstance.py:1956} INFO - Dependencies all met for dep_context=non-requeueable deps ti=<TaskInstance: hello_airflow_xcom.process_file scheduled__2025-12-23T00:00:00+00:00 [queued]>
[2025-12-24T20:12:06.202+0000] {taskinstance.py:1956} INFO - Dependencies all met for dep_context=requeueable deps ti=<TaskInstance: hello_airflow_xcom.process_file scheduled__2025-12-23T00:00:00+00:00 [queued]>
[2025-12-24T20:12:06.203+0000] {taskinstance.py:2170} INFO - Starting attempt 1 of 1
[2025-12-24T20:12:06.230+0000] {taskinstance.py:2191} INFO - Executing <Task(PythonOperator): process_file> on 2025-12-23 00:00:00+00:00
[2025-12-24T20:12:06.247+0000] {standard_task_runner.py:60} INFO - Started process 4277 to run task
[2025-12-24T20:12:06.272+0000] {standard_task_runner.py:87} INFO - Running: ['***', 'tasks', 'run', 'hello_***_xcom', 'process_file', 'scheduled__2025-12-23T00:00:00+00:00', '--job-id', '21', '--raw', '--subdir', 'DAGS_FOLDER/hello_***.py', '--cfg-path', '/tmp/tmpebpxidt5']
[2025-12-24T20:12:06.274+0000] {standard_task_runner.py:88} INFO - Job 21: Subtask process_file
[2025-12-24T20:12:06.423+0000] {logging_mixin.py:188} INFO - Changing /opt/***/logs/dag_id=hello_***_xcom/run_id=scheduled__2025-12-23T00:00:00+00:00/task_id=process_file permission to 509
[2025-12-24T20:12:06.423+0000] {logging_mixin.py:188} INFO - Failed to change /opt/***/logs/dag_id=hello_***_xcom/run_id=scheduled__2025-12-23T00:00:00+00:00/task_id=process_file permission to 509: [Errno 1] Operation not permitted: '/opt/***/logs/dag_id=hello_***_xcom/run_id=scheduled__2025-12-23T00:00:00+00:00/task_id=process_file'
[2025-12-24T20:12:06.437+0000] {task_command.py:423} INFO - Running <TaskInstance: hello_airflow_xcom.process_file scheduled__2025-12-23T00:00:00+00:00 [running]> on host 0c92c20f937f
[2025-12-24T20:12:06.586+0000] {taskinstance.py:2480} INFO - Exporting env vars: AIRFLOW_CTX_DAG_OWNER='***' AIRFLOW_CTX_DAG_ID='hello_***_xcom' AIRFLOW_CTX_TASK_ID='process_file' AIRFLOW_CTX_EXECUTION_DATE='2025-12-23T00:00:00+00:00' AIRFLOW_CTX_TRY_NUMBER='1' AIRFLOW_CTX_DAG_RUN_ID='scheduled__2025-12-23T00:00:00+00:00'
[2025-12-24T20:12:06.613+0000] {base.py:83} INFO - Using connection ID 'aws_default' for task execution.
[2025-12-24T20:12:06.618+0000] {connection_wrapper.py:378} INFO - AWS Connection (conn_id='aws_default', conn_type='aws') credentials retrieved from login and password.
[2025-12-24T20:12:07.616+0000] {s3.py:1375} INFO - This function shadows the 'download_file' method of S3 API, but it is not the same. If you want to use the original method from S3 API, please call 'S3Hook.get_conn().download_file()'
[2025-12-24T20:12:07.617+0000] {s3.py:1381} INFO - Downloading source S3 file from Bucket ***-bucket798 with path customers-100.csv
[2025-12-24T20:12:08.615+0000] {logging_mixin.py:188} INFO - Traitement terminé sur : /tmp/processed_data.csv
[2025-12-24T20:12:08.884+0000] {logging_mixin.py:188} INFO - XCom envoyé : file_path = /tmp/processed_data.csv
[2025-12-24T20:12:08.887+0000] {python.py:201} INFO - Done. Returned value was: None
[2025-12-24T20:12:08.905+0000] {taskinstance.py:1138} INFO - Marking task as SUCCESS. dag_id=hello_***_xcom, task_id=process_file, execution_date=20251223T000000, start_date=20251224T201206, end_date=20251224T201208
[2025-12-24T20:12:08.982+0000] {local_task_job_runner.py:234} INFO - Task exited with return code 0
[2025-12-24T20:12:09.020+0000] {taskinstance.py:3280} INFO - 1 downstream tasks scheduled from follow-on schedule check
