[2025-12-24T22:34:03.577+0000] {logging_mixin.py:188} INFO - Changing /opt/***/logs/dag_id=hello_***_postgres_slack/run_id=scheduled__2025-12-23T00:00:00+00:00/task_id=slack_task permission to 509
[2025-12-24T22:34:03.578+0000] {logging_mixin.py:188} INFO - Failed to change /opt/***/logs/dag_id=hello_***_postgres_slack/run_id=scheduled__2025-12-23T00:00:00+00:00/task_id=slack_task permission to 509: [Errno 1] Operation not permitted: '/opt/***/logs/dag_id=hello_***_postgres_slack/run_id=scheduled__2025-12-23T00:00:00+00:00/task_id=slack_task'
[2025-12-24T22:34:03.648+0000] {logging_mixin.py:188} INFO - Changing /opt/***/logs/dag_id=hello_***_postgres_slack/run_id=scheduled__2025-12-23T00:00:00+00:00/task_id=slack_task permission to 509
[2025-12-24T22:34:03.650+0000] {logging_mixin.py:188} INFO - Failed to change /opt/***/logs/dag_id=hello_***_postgres_slack/run_id=scheduled__2025-12-23T00:00:00+00:00/task_id=slack_task permission to 509: [Errno 1] Operation not permitted: '/opt/***/logs/dag_id=hello_***_postgres_slack/run_id=scheduled__2025-12-23T00:00:00+00:00/task_id=slack_task'
[2025-12-24T22:34:03.687+0000] {taskinstance.py:1956} INFO - Dependencies all met for dep_context=non-requeueable deps ti=<TaskInstance: hello_airflow_postgres_slack.slack_task scheduled__2025-12-23T00:00:00+00:00 [queued]>
[2025-12-24T22:34:03.700+0000] {taskinstance.py:1956} INFO - Dependencies all met for dep_context=requeueable deps ti=<TaskInstance: hello_airflow_postgres_slack.slack_task scheduled__2025-12-23T00:00:00+00:00 [queued]>
[2025-12-24T22:34:03.700+0000] {taskinstance.py:2170} INFO - Starting attempt 1 of 1
[2025-12-24T22:34:03.719+0000] {taskinstance.py:2191} INFO - Executing <Task(PythonOperator): slack_task> on 2025-12-23 00:00:00+00:00
[2025-12-24T22:34:03.728+0000] {standard_task_runner.py:60} INFO - Started process 6439 to run task
[2025-12-24T22:34:03.733+0000] {standard_task_runner.py:87} INFO - Running: ['***', 'tasks', 'run', 'hello_***_postgres_slack', 'slack_task', 'scheduled__2025-12-23T00:00:00+00:00', '--job-id', '34', '--raw', '--subdir', 'DAGS_FOLDER/ecom.py', '--cfg-path', '/tmp/tmp_58u321t']
[2025-12-24T22:34:03.734+0000] {standard_task_runner.py:88} INFO - Job 34: Subtask slack_task
[2025-12-24T22:34:03.812+0000] {logging_mixin.py:188} INFO - Changing /opt/***/logs/dag_id=hello_***_postgres_slack/run_id=scheduled__2025-12-23T00:00:00+00:00/task_id=slack_task permission to 509
[2025-12-24T22:34:03.819+0000] {logging_mixin.py:188} INFO - Failed to change /opt/***/logs/dag_id=hello_***_postgres_slack/run_id=scheduled__2025-12-23T00:00:00+00:00/task_id=slack_task permission to 509: [Errno 1] Operation not permitted: '/opt/***/logs/dag_id=hello_***_postgres_slack/run_id=scheduled__2025-12-23T00:00:00+00:00/task_id=slack_task'
[2025-12-24T22:34:03.837+0000] {task_command.py:423} INFO - Running <TaskInstance: hello_airflow_postgres_slack.slack_task scheduled__2025-12-23T00:00:00+00:00 [running]> on host 0c92c20f937f
[2025-12-24T22:34:03.952+0000] {taskinstance.py:2480} INFO - Exporting env vars: AIRFLOW_CTX_DAG_OWNER='***' AIRFLOW_CTX_DAG_ID='hello_***_postgres_slack' AIRFLOW_CTX_TASK_ID='slack_task' AIRFLOW_CTX_EXECUTION_DATE='2025-12-23T00:00:00+00:00' AIRFLOW_CTX_TRY_NUMBER='1' AIRFLOW_CTX_DAG_RUN_ID='scheduled__2025-12-23T00:00:00+00:00'
[2025-12-24T22:34:03.975+0000] {base.py:83} INFO - Using connection ID 'slack_conn' for task execution.
[2025-12-24T22:34:04.238+0000] {logging_mixin.py:188} INFO - Message Slack envoyé.
[2025-12-24T22:34:04.239+0000] {python.py:201} INFO - Done. Returned value was: None
[2025-12-24T22:34:04.246+0000] {taskinstance.py:1138} INFO - Marking task as SUCCESS. dag_id=hello_***_postgres_slack, task_id=slack_task, execution_date=20251223T000000, start_date=20251224T223403, end_date=20251224T223404
[2025-12-24T22:34:04.266+0000] {local_task_job_runner.py:234} INFO - Task exited with return code 0
[2025-12-24T22:34:04.282+0000] {taskinstance.py:3280} INFO - 0 downstream tasks scheduled from follow-on schedule check
