[2025-12-24T16:37:44.372+0000] {logging_mixin.py:188} INFO - Changing /opt/***/logs/dag_id=hello_***_sensor/run_id=manual__2025-12-24T16:37:23.493608+00:00/task_id=process_file permission to 509
[2025-12-24T16:37:44.373+0000] {logging_mixin.py:188} INFO - Failed to change /opt/***/logs/dag_id=hello_***_sensor/run_id=manual__2025-12-24T16:37:23.493608+00:00/task_id=process_file permission to 509: [Errno 1] Operation not permitted: '/opt/***/logs/dag_id=hello_***_sensor/run_id=manual__2025-12-24T16:37:23.493608+00:00/task_id=process_file'
[2025-12-24T16:37:44.451+0000] {logging_mixin.py:188} INFO - Changing /opt/***/logs/dag_id=hello_***_sensor/run_id=manual__2025-12-24T16:37:23.493608+00:00/task_id=process_file permission to 509
[2025-12-24T16:37:44.452+0000] {logging_mixin.py:188} INFO - Failed to change /opt/***/logs/dag_id=hello_***_sensor/run_id=manual__2025-12-24T16:37:23.493608+00:00/task_id=process_file permission to 509: [Errno 1] Operation not permitted: '/opt/***/logs/dag_id=hello_***_sensor/run_id=manual__2025-12-24T16:37:23.493608+00:00/task_id=process_file'
[2025-12-24T16:37:44.517+0000] {taskinstance.py:1956} INFO - Dependencies all met for dep_context=non-requeueable deps ti=<TaskInstance: hello_airflow_sensor.process_file manual__2025-12-24T16:37:23.493608+00:00 [queued]>
[2025-12-24T16:37:44.546+0000] {taskinstance.py:1956} INFO - Dependencies all met for dep_context=requeueable deps ti=<TaskInstance: hello_airflow_sensor.process_file manual__2025-12-24T16:37:23.493608+00:00 [queued]>
[2025-12-24T16:37:44.547+0000] {taskinstance.py:2170} INFO - Starting attempt 1 of 1
[2025-12-24T16:37:44.574+0000] {taskinstance.py:2191} INFO - Executing <Task(PythonOperator): process_file> on 2025-12-24 16:37:23.493608+00:00
[2025-12-24T16:37:44.585+0000] {standard_task_runner.py:60} INFO - Started process 1040 to run task
[2025-12-24T16:37:44.590+0000] {standard_task_runner.py:87} INFO - Running: ['***', 'tasks', 'run', 'hello_***_sensor', 'process_file', 'manual__2025-12-24T16:37:23.493608+00:00', '--job-id', '10', '--raw', '--subdir', 'DAGS_FOLDER/hello_***.py', '--cfg-path', '/tmp/tmpmduvkwdj']
[2025-12-24T16:37:44.595+0000] {standard_task_runner.py:88} INFO - Job 10: Subtask process_file
[2025-12-24T16:37:44.660+0000] {logging_mixin.py:188} INFO - Changing /opt/***/logs/dag_id=hello_***_sensor/run_id=manual__2025-12-24T16:37:23.493608+00:00/task_id=process_file permission to 509
[2025-12-24T16:37:44.660+0000] {logging_mixin.py:188} INFO - Failed to change /opt/***/logs/dag_id=hello_***_sensor/run_id=manual__2025-12-24T16:37:23.493608+00:00/task_id=process_file permission to 509: [Errno 1] Operation not permitted: '/opt/***/logs/dag_id=hello_***_sensor/run_id=manual__2025-12-24T16:37:23.493608+00:00/task_id=process_file'
[2025-12-24T16:37:44.680+0000] {task_command.py:423} INFO - Running <TaskInstance: hello_airflow_sensor.process_file manual__2025-12-24T16:37:23.493608+00:00 [running]> on host 0c92c20f937f
[2025-12-24T16:37:44.751+0000] {taskinstance.py:2480} INFO - Exporting env vars: AIRFLOW_CTX_DAG_OWNER='***' AIRFLOW_CTX_DAG_ID='hello_***_sensor' AIRFLOW_CTX_TASK_ID='process_file' AIRFLOW_CTX_EXECUTION_DATE='2025-12-24T16:37:23.493608+00:00' AIRFLOW_CTX_TRY_NUMBER='1' AIRFLOW_CTX_DAG_RUN_ID='manual__2025-12-24T16:37:23.493608+00:00'
[2025-12-24T16:37:44.754+0000] {logging_mixin.py:188} INFO - Super ! Le fichier est là, je commence l'analyse de la donnée...
[2025-12-24T16:37:44.759+0000] {python.py:201} INFO - Done. Returned value was: None
[2025-12-24T16:37:44.770+0000] {taskinstance.py:1138} INFO - Marking task as SUCCESS. dag_id=hello_***_sensor, task_id=process_file, execution_date=20251224T163723, start_date=20251224T163744, end_date=20251224T163744
[2025-12-24T16:37:44.803+0000] {local_task_job_runner.py:234} INFO - Task exited with return code 0
[2025-12-24T16:37:44.821+0000] {taskinstance.py:3280} INFO - 0 downstream tasks scheduled from follow-on schedule check
